Archive member included to satisfy reference by file (symbol)

d:/stm32cubeide_1.11.2/stm32cubeide/plugins/com.st.stm32cube.ide.mcu.externaltools.gnu-tools-for-stm32.10.3-2021.10.win32_1.0.100.202210260954/tools/bin/../lib/gcc/arm-none-eabi/10.3.1/../../../../arm-none-eabi/lib/thumb/v7e-m+fp/hard\libc_nano.a(lib_a-errno.o)
                              ./Core/Src/syscalls.o (__errno)
d:/stm32cubeide_1.11.2/stm32cubeide/plugins/com.st.stm32cube.ide.mcu.externaltools.gnu-tools-for-stm32.10.3-2021.10.win32_1.0.100.202210260954/tools/bin/../lib/gcc/arm-none-eabi/10.3.1/../../../../arm-none-eabi/lib/thumb/v7e-m+fp/hard\libc_nano.a(lib_a-exit.o)
                              d:/stm32cubeide_1.11.2/stm32cubeide/plugins/com.st.stm32cube.ide.mcu.externaltools.gnu-tools-for-stm32.10.3-2021.10.win32_1.0.100.202210260954/tools/bin/../lib/gcc/arm-none-eabi/10.3.1/../../../../arm-none-eabi/lib/thumb/v7e-m+fp/hard/crt0.o (exit)
d:/stm32cubeide_1.11.2/stm32cubeide/plugins/com.st.stm32cube.ide.mcu.externaltools.gnu-tools-for-stm32.10.3-2021.10.win32_1.0.100.202210260954/tools/bin/../lib/gcc/arm-none-eabi/10.3.1/../../../../arm-none-eabi/lib/thumb/v7e-m+fp/hard\libc_nano.a(lib_a-impure.o)
                              d:/stm32cubeide_1.11.2/stm32cubeide/plugins/com.st.stm32cube.ide.mcu.externaltools.gnu-tools-for-stm32.10.3-2021.10.win32_1.0.100.202210260954/tools/bin/../lib/gcc/arm-none-eabi/10.3.1/../../../../arm-none-eabi/lib/thumb/v7e-m+fp/hard\libc_nano.a(lib_a-exit.o) (_global_impure_ptr)
d:/stm32cubeide_1.11.2/stm32cubeide/plugins/com.st.stm32cube.ide.mcu.externaltools.gnu-tools-for-stm32.10.3-2021.10.win32_1.0.100.202210260954/tools/bin/../lib/gcc/arm-none-eabi/10.3.1/../../../../arm-none-eabi/lib/thumb/v7e-m+fp/hard\libc_nano.a(lib_a-init.o)
                              d:/stm32cubeide_1.11.2/stm32cubeide/plugins/com.st.stm32cube.ide.mcu.externaltools.gnu-tools-for-stm32.10.3-2021.10.win32_1.0.100.202210260954/tools/bin/../lib/gcc/arm-none-eabi/10.3.1/../../../../arm-none-eabi/lib/thumb/v7e-m+fp/hard/crt0.o (__libc_init_array)
d:/stm32cubeide_1.11.2/stm32cubeide/plugins/com.st.stm32cube.ide.mcu.externaltools.gnu-tools-for-stm32.10.3-2021.10.win32_1.0.100.202210260954/tools/bin/../lib/gcc/arm-none-eabi/10.3.1/../../../../arm-none-eabi/lib/thumb/v7e-m+fp/hard\libc_nano.a(lib_a-memcpy-stub.o)
                              ./USB_DEVICE/App/usbd_storage_if.o (memcpy)
d:/stm32cubeide_1.11.2/stm32cubeide/plugins/com.st.stm32cube.ide.mcu.externaltools.gnu-tools-for-stm32.10.3-2021.10.win32_1.0.100.202210260954/tools/bin/../lib/gcc/arm-none-eabi/10.3.1/../../../../arm-none-eabi/lib/thumb/v7e-m+fp/hard\libc_nano.a(lib_a-memset.o)
                              d:/stm32cubeide_1.11.2/stm32cubeide/plugins/com.st.stm32cube.ide.mcu.externaltools.gnu-tools-for-stm32.10.3-2021.10.win32_1.0.100.202210260954/tools/bin/../lib/gcc/arm-none-eabi/10.3.1/../../../../arm-none-eabi/lib/thumb/v7e-m+fp/hard/crt0.o (memset)

Discarded input sections

 .text          0x0000000000000000        0x0 d:/stm32cubeide_1.11.2/stm32cubeide/plugins/com.st.stm32cube.ide.mcu.externaltools.gnu-tools-for-stm32.10.3-2021.10.win32_1.0.100.202210260954/tools/bin/../lib/gcc/arm-none-eabi/10.3.1/thumb/v7e-m+fp/hard/crti.o
 .data          0x0000000000000000        0x0 d:/stm32cubeide_1.11.2/stm32cubeide/plugins/com.st.stm32cube.ide.mcu.externaltools.gnu-tools-for-stm32.10.3-2021.10.win32_1.0.100.202210260954/tools/bin/../lib/gcc/arm-none-eabi/10.3.1/thumb/v7e-m+fp/hard/crti.o
 .bss           0x0000000000000000        0x0 d:/stm32cubeide_1.11.2/stm32cubeide/plugins/com.st.stm32cube.ide.mcu.externaltools.gnu-tools-for-stm32.10.3-2021.10.win32_1.0.100.202210260954/tools/bin/../lib/gcc/arm-none-eabi/10.3.1/thumb/v7e-m+fp/hard/crti.o
 .data          0x0000000000000000        0x4 d:/stm32cubeide_1.11.2/stm32cubeide/plugins/com.st.stm32cube.ide.mcu.externaltools.gnu-tools-for-stm32.10.3-2021.10.win32_1.0.100.202210260954/tools/bin/../lib/gcc/arm-none-eabi/10.3.1/thumb/v7e-m+fp/hard/crtbegin.o
 .rodata        0x0000000000000000       0x24 d:/stm32cubeide_1.11.2/stm32cubeide/plugins/com.st.stm32cube.ide.mcu.externaltools.gnu-tools-for-stm32.10.3-2021.10.win32_1.0.100.202210260954/tools/bin/../lib/gcc/arm-none-eabi/10.3.1/thumb/v7e-m+fp/hard/crtbegin.o
 .text          0x0000000000000000       0x7c d:/stm32cubeide_1.11.2/stm32cubeide/plugins/com.st.stm32cube.ide.mcu.externaltools.gnu-tools-for-stm32.10.3-2021.10.win32_1.0.100.202210260954/tools/bin/../lib/gcc/arm-none-eabi/10.3.1/../../../../arm-none-eabi/lib/thumb/v7e-m+fp/hard/crt0.o
 .data          0x0000000000000000        0x0 d:/stm32cubeide_1.11.2/stm32cubeide/plugins/com.st.stm32cube.ide.mcu.externaltools.gnu-tools-for-stm32.10.3-2021.10.win32_1.0.100.202210260954/tools/bin/../lib/gcc/arm-none-eabi/10.3.1/../../../../arm-none-eabi/lib/thumb/v7e-m+fp/hard/crt0.o
[...]
Memory Configuration

Name             Origin             Length             Attributes
RAM              0x0000000020000000 0x0000000000018000 xrw
RAM2             0x0000000010000000 0x0000000000008000 xrw
FLASH            0x0000000008000000 0x0000000000100000 xr
*default*        0x0000000000000000 0xffffffffffffffff

Linker script and memory map

LOAD d:/stm32cubeide_1.11.2/stm32cubeide/plugins/com.st.stm32cube.ide.mcu.externaltools.gnu-tools-for-stm32.10.3-2021.10.win32_1.0.100.202210260954/tools/bin/../lib/gcc/arm-none-eabi/10.3.1/thumb/v7e-m+fp/hard/crti.o
LOAD d:/stm32cubeide_1.11.2/stm32cubeide/plugins/com.st.stm32cube.ide.mcu.externaltools.gnu-tools-for-stm32.10.3-2021.10.win32_1.0.100.202210260954/tools/bin/../lib/gcc/arm-none-eabi/10.3.1/thumb/v7e-m+fp/hard/crtbegin.o
LOAD d:/stm32cubeide_1.11.2/stm32cubeide/plugins/com.st.stm32cube.ide.mcu.externaltools.gnu-tools-for-stm32.10.3-2021.10.win32_1.0.100.202210260954/tools/bin/../lib/gcc/arm-none-eabi/10.3.1/../../../../arm-none-eabi/lib/thumb/v7e-m+fp/hard/crt0.o
LOAD ./Core/Src/main.o
LOAD ./Core/Src/stm32l4xx_hal_msp.o
LOAD ./Core/Src/stm32l4xx_it.o
LOAD ./Core/Src/syscalls.o
LOAD ./Core/Src/sysmem.o
LOAD ./Core/Src/system_stm32l4xx.o
LOAD ./Core/Startup/startup_stm32l476vgtx.o
LOAD ./Drivers/STM32L4xx_HAL_Driver/Src/stm32l4xx_hal.o
LOAD ./Drivers/STM32L4xx_HAL_Driver/Src/stm32l4xx_hal_cortex.o
LOAD ./Drivers/STM32L4xx_HAL_Driver/Src/stm32l4xx_hal_dma.o
LOAD ./Drivers/STM32L4xx_HAL_Driver/Src/stm32l4xx_hal_dma_ex.o
LOAD ./Drivers/STM32L4xx_HAL_Driver/Src/stm32l4xx_hal_exti.o
LOAD ./Drivers/STM32L4xx_HAL_Driver/Src/stm32l4xx_hal_flash.o
LOAD ./Drivers/STM32L4xx_HAL_Driver/Src/stm32l4xx_hal_flash_ex.o
LOAD ./Drivers/STM32L4xx_HAL_Driver/Src/stm32l4xx_hal_flash_ramfunc.o
LOAD ./Drivers/STM32L4xx_HAL_Driver/Src/stm32l4xx_hal_gpio.o
LOAD ./Drivers/STM32L4xx_HAL_Driver/Src/stm32l4xx_hal_i2c.o
LOAD ./Drivers/STM32L4xx_HAL_Driver/Src/stm32l4xx_hal_i2c_ex.o
LOAD ./Drivers/STM32L4xx_HAL_Driver/Src/stm32l4xx_hal_pcd.o
LOAD ./Drivers/STM32L4xx_HAL_Driver/Src/stm32l4xx_hal_pcd_ex.o
LOAD ./Drivers/STM32L4xx_HAL_Driver/Src/stm32l4xx_hal_pwr.o
LOAD ./Drivers/STM32L4xx_HAL_Driver/Src/stm32l4xx_hal_pwr_ex.o
LOAD ./Drivers/STM32L4xx_HAL_Driver/Src/stm32l4xx_hal_rcc.o
LOAD ./Drivers/STM32L4xx_HAL_Driver/Src/stm32l4xx_hal_rcc_ex.o
LOAD ./Drivers/STM32L4xx_HAL_Driver/Src/stm32l4xx_hal_tim.o
LOAD ./Drivers/STM32L4xx_HAL_Driver/Src/stm32l4xx_hal_tim_ex.o
LOAD ./Drivers/STM32L4xx_HAL_Driver/Src/stm32l4xx_ll_usb.o
LOAD ./Middlewares/ST/STM32_USB_Device_Library/Class/MSC/Src/usbd_msc.o
LOAD ./Middlewares/ST/STM32_USB_Device_Library/Class/MSC/Src/usbd_msc_bot.o
LOAD ./Middlewares/ST/STM32_USB_Device_Library/Class/MSC/Src/usbd_msc_data.o
LOAD ./Middlewares/ST/STM32_USB_Device_Library/Class/MSC/Src/usbd_msc_scsi.o
LOAD ./Middlewares/ST/STM32_USB_Device_Library/Core/Src/usbd_core.o
LOAD ./Middlewares/ST/STM32_USB_Device_Library/Core/Src/usbd_ctlreq.o
LOAD ./Middlewares/ST/STM32_USB_Device_Library/Core/Src/usbd_ioreq.o
LOAD ./USB_DEVICE/App/usb_device.o
LOAD ./USB_DEVICE/App/usbd_desc.o
LOAD ./USB_DEVICE/App/usbd_storage_if.o
LOAD ./USB_DEVICE/Target/usbd_conf.o
START GROUP
LOAD d:/stm32cubeide_1.11.2/stm32cubeide/plugins/com.st.stm32cube.ide.mcu.externaltools.gnu-tools-for-stm32.10.3-2021.10.win32_1.0.100.202210260954/tools/bin/../lib/gcc/arm-none-eabi/10.3.1/../../../../arm-none-eabi/lib/thumb/v7e-m+fp/hard\libc_nano.a
LOAD d:/stm32cubeide_1.11.2/stm32cubeide/plugins/com.st.stm32cube.ide.mcu.externaltools.gnu-tools-for-stm32.10.3-2021.10.win32_1.0.100.202210260954/tools/bin/../lib/gcc/arm-none-eabi/10.3.1/../../../../arm-none-eabi/lib/thumb/v7e-m+fp/hard\libm.a
END GROUP
START GROUP
LOAD d:/stm32cubeide_1.11.2/stm32cubeide/plugins/com.st.stm32cube.ide.mcu.externaltools.gnu-tools-for-stm32.10.3-2021.10.win32_1.0.100.202210260954/tools/bin/../lib/gcc/arm-none-eabi/10.3.1/thumb/v7e-m+fp/hard\libgcc.a
LOAD d:/stm32cubeide_1.11.2/stm32cubeide/plugins/com.st.stm32cube.ide.mcu.externaltools.gnu-tools-for-stm32.10.3-2021.10.win32_1.0.100.202210260954/tools/bin/../lib/gcc/arm-none-eabi/10.3.1/../../../../arm-none-eabi/lib/thumb/v7e-m+fp/hard\libc_nano.a
END GROUP
START GROUP
LOAD d:/stm32cubeide_1.11.2/stm32cubeide/plugins/com.st.stm32cube.ide.mcu.externaltools.gnu-tools-for-stm32.10.3-2021.10.win32_1.0.100.202210260954/tools/bin/../lib/gcc/arm-none-eabi/10.3.1/thumb/v7e-m+fp/hard\libgcc.a
LOAD d:/stm32cubeide_1.11.2/stm32cubeide/plugins/com.st.stm32cube.ide.mcu.externaltools.gnu-tools-for-stm32.10.3-2021.10.win32_1.0.100.202210260954/tools/bin/../lib/gcc/arm-none-eabi/10.3.1/../../../../arm-none-eabi/lib/thumb/v7e-m+fp/hard\libc_nano.a
LOAD d:/stm32cubeide_1.11.2/stm32cubeide/plugins/com.st.stm32cube.ide.mcu.externaltools.gnu-tools-for-stm32.10.3-2021.10.win32_1.0.100.202210260954/tools/bin/../lib/gcc/arm-none-eabi/10.3.1/../../../../arm-none-eabi/lib/thumb/v7e-m+fp/hard\libnosys.a
END GROUP
START GROUP
LOAD d:/stm32cubeide_1.11.2/stm32cubeide/plugins/com.st.stm32cube.ide.mcu.externaltools.gnu-tools-for-stm32.10.3-2021.10.win32_1.0.100.202210260954/tools/bin/../lib/gcc/arm-none-eabi/10.3.1/thumb/v7e-m+fp/hard\libgcc.a
LOAD d:/stm32cubeide_1.11.2/stm32cubeide/plugins/com.st.stm32cube.ide.mcu.externaltools.gnu-tools-for-stm32.10.3-2021.10.win32_1.0.100.202210260954/tools/bin/../lib/gcc/arm-none-eabi/10.3.1/../../../../arm-none-eabi/lib/thumb/v7e-m+fp/hard\libc_nano.a
LOAD d:/stm32cubeide_1.11.2/stm32cubeide/plugins/com.st.stm32cube.ide.mcu.externaltools.gnu-tools-for-stm32.10.3-2021.10.win32_1.0.100.202210260954/tools/bin/../lib/gcc/arm-none-eabi/10.3.1/../../../../arm-none-eabi/lib/thumb/v7e-m+fp/hard\libnosys.a
END GROUP
LOAD d:/stm32cubeide_1.11.2/stm32cubeide/plugins/com.st.stm32cube.ide.mcu.externaltools.gnu-tools-for-stm32.10.3-2021.10.win32_1.0.100.202210260954/tools/bin/../lib/gcc/arm-none-eabi/10.3.1/thumb/v7e-m+fp/hard/crtend.o
LOAD d:/stm32cubeide_1.11.2/stm32cubeide/plugins/com.st.stm32cube.ide.mcu.externaltools.gnu-tools-for-stm32.10.3-2021.10.win32_1.0.100.202210260954/tools/bin/../lib/gcc/arm-none-eabi/10.3.1/thumb/v7e-m+fp/hard/crtn.o
                0x0000000020018000                _estack = (ORIGIN (RAM) + LENGTH (RAM))
                0x0000000000000200                _Min_Heap_Size = 0x200
                0x0000000000000400                _Min_Stack_Size = 0x400

.isr_vector     0x0000000008000000      0x188
                0x0000000008000000                . = ALIGN (0x4)
 *(.isr_vector)
 .isr_vector    0x0000000008000000      0x188 ./Core/Startup/startup_stm32l476vgtx.o
                0x0000000008000000                g_pfnVectors
                0x0000000008000188                . = ALIGN (0x4)

.text           0x0000000008000188     0x854c
                0x0000000008000188                . = ALIGN (0x4)
 *(.text)
 .text          0x0000000008000188       0x40 d:/stm32cubeide_1.11.2/stm32cubeide/plugins/com.st.stm32cube.ide.mcu.externaltools.gnu-tools-for-stm32.10.3-2021.10.win32_1.0.100.202210260954/tools/bin/../lib/gcc/arm-none-eabi/10.3.1/thumb/v7e-m+fp/hard/crtbegin.o
 *(.text*)
 .text.main     0x00000000080001c8       0x16 ./Core/Src/main.o
                0x00000000080001c8                main
 .text.SystemClock_Config
                0x00000000080001de       0xa4 ./Core/Src/main.o
                0x00000000080001de                SystemClock_Config
 *fill*         0x0000000008000282        0x2 
 .text.MX_GPIO_Init
                0x0000000008000284       0x48 ./Core/Src/main.o
 .text.Error_Handler
                0x00000000080002cc        0xa ./Core/Src/main.o
                0x00000000080002cc                Error_Handler
 *fill*         0x00000000080002d6        0x2 
 .text.HAL_MspInit
                0x00000000080002d8       0x48 ./Core/Src/stm32l4xx_hal_msp.o
                0x00000000080002d8                HAL_MspInit
 .text.NMI_Handler
                0x0000000008000320        0x6 ./Core/Src/stm32l4xx_it.o
                0x0000000008000320                NMI_Handler
 .text.HardFault_Handler
                0x0000000008000326        0x6 ./Core/Src/stm32l4xx_it.o
                0x0000000008000326                HardFault_Handler
 .text.MemManage_Handler
                0x000000000800032c        0x6 ./Core/Src/stm32l4xx_it.o
                0x000000000800032c                MemManage_Handler
 .text.BusFault_Handler
                0x0000000008000332        0x6 ./Core/Src/stm32l4xx_it.o
                0x0000000008000332                BusFault_Handler
 .text.UsageFault_Handler
                0x0000000008000338        0x6 ./Core/Src/stm32l4xx_it.o
                0x0000000008000338                UsageFault_Handler
 .text.SVC_Handler
                0x000000000800033e        0xe ./Core/Src/stm32l4xx_it.o
                0x000000000800033e                SVC_Handler
 .text.DebugMon_Handler
                0x000000000800034c        0xe ./Core/Src/stm32l4xx_it.o
                0x000000000800034c                DebugMon_Handler
 .text.PendSV_Handler
                0x000000000800035a        0xe ./Core/Src/stm32l4xx_it.o
                0x000000000800035a                PendSV_Handler
 .text.SysTick_Handler
                0x0000000008000368        0xc ./Core/Src/stm32l4xx_it.o
                0x0000000008000368                SysTick_Handler
 .text.OTG_FS_IRQHandler
                0x0000000008000374       0x14 ./Core/Src/stm32l4xx_it.o
                0x0000000008000374                OTG_FS_IRQHandler
 .text.SystemInit
                0x0000000008000388       0x24 ./Core/Src/system_stm32l4xx.o
                0x0000000008000388                SystemInit
 .text.Reset_Handler
                0x00000000080003ac       0x50 ./Core/Startup/startup_stm32l476vgtx.o
                0x00000000080003ac                Reset_Handler
 .text.Default_Handler
                0x00000000080003fc        0x2 ./Core/Startup/startup_stm32l476vgtx.o
                0x00000000080003fc                RTC_Alarm_IRQHandler
                0x00000000080003fc                EXTI2_IRQHandler
                0x00000000080003fc                TIM8_TRG_COM_IRQHandler
                0x00000000080003fc                TIM8_CC_IRQHandler
                0x00000000080003fc                TIM1_CC_IRQHandler
                0x00000000080003fc                TSC_IRQHandler
                0x00000000080003fc                TAMP_STAMP_IRQHandler
                0x00000000080003fc                EXTI3_IRQHandler
                0x00000000080003fc                LPTIM2_IRQHandler
                0x00000000080003fc                DFSDM1_FLT1_IRQHandler
                0x00000000080003fc                I2C3_ER_IRQHandler
                0x00000000080003fc                DFSDM1_FLT2_IRQHandler
                0x00000000080003fc                EXTI0_IRQHandler
                0x00000000080003fc                I2C2_EV_IRQHandler
                0x00000000080003fc                CAN1_RX0_IRQHandler
                0x00000000080003fc                FPU_IRQHandler
                0x00000000080003fc                TIM1_UP_TIM16_IRQHandler
                0x00000000080003fc                ADC1_2_IRQHandler
                0x00000000080003fc                SPI1_IRQHandler
                0x00000000080003fc                TIM6_DAC_IRQHandler
                0x00000000080003fc                TIM8_UP_IRQHandler
                0x00000000080003fc                DMA2_Channel2_IRQHandler
                0x00000000080003fc                DMA1_Channel4_IRQHandler
                0x00000000080003fc                SAI2_IRQHandler
                0x00000000080003fc                DFSDM1_FLT3_IRQHandler
                0x00000000080003fc                USART3_IRQHandler
                0x00000000080003fc                DMA1_Channel7_IRQHandler
                0x00000000080003fc                CAN1_RX1_IRQHandler
                0x00000000080003fc                LCD_IRQHandler
                0x00000000080003fc                UART5_IRQHandler
                0x00000000080003fc                ADC3_IRQHandler
                0x00000000080003fc                TIM4_IRQHandler
                0x00000000080003fc                DMA2_Channel1_IRQHandler
                0x00000000080003fc                QUADSPI_IRQHandler
                0x00000000080003fc                I2C1_EV_IRQHandler
                0x00000000080003fc                DMA1_Channel6_IRQHandler
                0x00000000080003fc                UART4_IRQHandler
                0x00000000080003fc                DMA2_Channel4_IRQHandler
                0x00000000080003fc                TIM3_IRQHandler
                0x00000000080003fc                RCC_IRQHandler
                0x00000000080003fc                DMA1_Channel1_IRQHandler
                0x00000000080003fc                Default_Handler
                0x00000000080003fc                DMA2_Channel7_IRQHandler
                0x00000000080003fc                EXTI15_10_IRQHandler
                0x00000000080003fc                TIM7_IRQHandler
                0x00000000080003fc                SDMMC1_IRQHandler
                0x00000000080003fc                TIM5_IRQHandler
                0x00000000080003fc                I2C3_EV_IRQHandler
                0x00000000080003fc                EXTI9_5_IRQHandler
                0x00000000080003fc                RTC_WKUP_IRQHandler
                0x00000000080003fc                PVD_PVM_IRQHandler
                0x00000000080003fc                SPI2_IRQHandler
                0x00000000080003fc                CAN1_TX_IRQHandler
                0x00000000080003fc                DMA2_Channel5_IRQHandler
                0x00000000080003fc                DMA1_Channel5_IRQHandler
                0x00000000080003fc                EXTI4_IRQHandler
                0x00000000080003fc                RNG_IRQHandler
                0x00000000080003fc                TIM1_TRG_COM_TIM17_IRQHandler
                0x00000000080003fc                DMA1_Channel3_IRQHandler
                0x00000000080003fc                COMP_IRQHandler
                0x00000000080003fc                WWDG_IRQHandler
                0x00000000080003fc                LPUART1_IRQHandler
                0x00000000080003fc                DMA2_Channel6_IRQHandler
                0x00000000080003fc                TIM2_IRQHandler
                0x00000000080003fc                EXTI1_IRQHandler
                0x00000000080003fc                USART2_IRQHandler
                0x00000000080003fc                DFSDM1_FLT0_IRQHandler
                0x00000000080003fc                I2C2_ER_IRQHandler
                0x00000000080003fc                DMA1_Channel2_IRQHandler
                0x00000000080003fc                TIM8_BRK_IRQHandler
                0x00000000080003fc                CAN1_SCE_IRQHandler
                0x00000000080003fc                FLASH_IRQHandler
                0x00000000080003fc                USART1_IRQHandler
                0x00000000080003fc                SPI3_IRQHandler
                0x00000000080003fc                I2C1_ER_IRQHandler
                0x00000000080003fc                FMC_IRQHandler
                0x00000000080003fc                SWPMI1_IRQHandler
                0x00000000080003fc                LPTIM1_IRQHandler
                0x00000000080003fc                SAI1_IRQHandler
                0x00000000080003fc                DMA2_Channel3_IRQHandler
                0x00000000080003fc                TIM1_BRK_TIM15_IRQHandler
 *fill*         0x00000000080003fe        0x2 
 .text.HAL_Init
                0x0000000008000400       0x40 ./Drivers/STM32L4xx_HAL_Driver/Src/stm32l4xx_hal.o
                0x0000000008000400                HAL_Init
 .text.HAL_InitTick
                0x0000000008000440       0x78 ./Drivers/STM32L4xx_HAL_Driver/Src/stm32l4xx_hal.o
                0x0000000008000440                HAL_InitTick
 .text.HAL_IncTick
                0x00000000080004b8       0x28 ./Drivers/STM32L4xx_HAL_Driver/Src/stm32l4xx_hal.o
                0x00000000080004b8                HAL_IncTick
 .text.HAL_GetTick
                0x00000000080004e0       0x18 ./Drivers/STM32L4xx_HAL_Driver/Src/stm32l4xx_hal.o
                0x00000000080004e0                HAL_GetTick
 .text.HAL_Delay
                0x00000000080004f8       0x48 ./Drivers/STM32L4xx_HAL_Driver/Src/stm32l4xx_hal.o
                0x00000000080004f8                HAL_Delay
 .text.__NVIC_SetPriorityGrouping
                0x0000000008000540       0x48 ./Drivers/STM32L4xx_HAL_Driver/Src/stm32l4xx_hal_cortex.o
 .text.__NVIC_GetPriorityGrouping
                0x0000000008000588       0x1c ./Drivers/STM32L4xx_HAL_Driver/Src/stm32l4xx_hal_cortex.o
 .text.__NVIC_EnableIRQ
                0x00000000080005a4       0x3c ./Drivers/STM32L4xx_HAL_Driver/Src/stm32l4xx_hal_cortex.o
 .text.__NVIC_SetPriority
                0x00000000080005e0       0x54 ./Drivers/STM32L4xx_HAL_Driver/Src/stm32l4xx_hal_cortex.o
 .text.NVIC_EncodePriority
                0x0000000008000634       0x66 ./Drivers/STM32L4xx_HAL_Driver/Src/stm32l4xx_hal_cortex.o
 *fill*         0x000000000800069a        0x2 
 .text.SysTick_Config
                0x000000000800069c       0x44 ./Drivers/STM32L4xx_HAL_Driver/Src/stm32l4xx_hal_cortex.o
 .text.HAL_NVIC_SetPriorityGrouping
                0x00000000080006e0       0x16 ./Drivers/STM32L4xx_HAL_Driver/Src/stm32l4xx_hal_cortex.o
                0x00000000080006e0                HAL_NVIC_SetPriorityGrouping
 .text.HAL_NVIC_SetPriority
                0x00000000080006f6       0x38 ./Drivers/STM32L4xx_HAL_Driver/Src/stm32l4xx_hal_cortex.o
                0x00000000080006f6                HAL_NVIC_SetPriority
 .text.HAL_NVIC_EnableIRQ
                0x000000000800072e       0x1c ./Drivers/STM32L4xx_HAL_Driver/Src/stm32l4xx_hal_cortex.o
                0x000000000800072e                HAL_NVIC_EnableIRQ
 .text.HAL_SYSTICK_Config
                0x000000000800074a       0x18 ./Drivers/STM32L4xx_HAL_Driver/Src/stm32l4xx_hal_cortex.o
                0x000000000800074a                HAL_SYSTICK_Config
 *fill*         0x0000000008000762        0x2 
 .text.HAL_GPIO_Init
                0x0000000008000764      0x354 ./Drivers/STM32L4xx_HAL_Driver/Src/stm32l4xx_hal_gpio.o
                0x0000000008000764                HAL_GPIO_Init
 .text.HAL_PCD_Init
                0x0000000008000ab8      0x248 ./Drivers/STM32L4xx_HAL_Driver/Src/stm32l4xx_hal_pcd.o
                0x0000000008000ab8                HAL_PCD_Init
 .text.HAL_PCD_Start
                0x0000000008000d00       0x5e ./Drivers/STM32L4xx_HAL_Driver/Src/stm32l4xx_hal_pcd.o
                0x0000000008000d00                HAL_PCD_Start
 .text.HAL_PCD_IRQHandler
                0x0000000008000d5e      0x926 ./Drivers/STM32L4xx_HAL_Driver/Src/stm32l4xx_hal_pcd.o
                0x0000000008000d5e                HAL_PCD_IRQHandler
 .text.HAL_PCD_SetAddress
                0x0000000008001684       0x4a ./Drivers/STM32L4xx_HAL_Driver/Src/stm32l4xx_hal_pcd.o
                0x0000000008001684                HAL_PCD_SetAddress
 .text.HAL_PCD_EP_Open
                0x00000000080016ce       0xd0 ./Drivers/STM32L4xx_HAL_Driver/Src/stm32l4xx_hal_pcd.o
                0x00000000080016ce                HAL_PCD_EP_Open
 .text.HAL_PCD_EP_Close
                0x000000000800179e       0x94 ./Drivers/STM32L4xx_HAL_Driver/Src/stm32l4xx_hal_pcd.o
                0x000000000800179e                HAL_PCD_EP_Close
 .text.HAL_PCD_EP_Receive
                0x0000000008001832       0x7c ./Drivers/STM32L4xx_HAL_Driver/Src/stm32l4xx_hal_pcd.o
                0x0000000008001832                HAL_PCD_EP_Receive
 .text.HAL_PCD_EP_GetRxCount
                0x00000000080018ae       0x30 ./Drivers/STM32L4xx_HAL_Driver/Src/stm32l4xx_hal_pcd.o
                0x00000000080018ae                HAL_PCD_EP_GetRxCount
 .text.HAL_PCD_EP_Transmit
                0x00000000080018de       0x7a ./Drivers/STM32L4xx_HAL_Driver/Src/stm32l4xx_hal_pcd.o
                0x00000000080018de                HAL_PCD_EP_Transmit
 .text.HAL_PCD_EP_SetStall
                0x0000000008001958       0xc4 ./Drivers/STM32L4xx_HAL_Driver/Src/stm32l4xx_hal_pcd.o
                0x0000000008001958                HAL_PCD_EP_SetStall
 .text.HAL_PCD_EP_ClrStall
                0x0000000008001a1c       0xac ./Drivers/STM32L4xx_HAL_Driver/Src/stm32l4xx_hal_pcd.o
                0x0000000008001a1c                HAL_PCD_EP_ClrStall
 .text.HAL_PCD_EP_Abort
                0x0000000008001ac8       0x62 ./Drivers/STM32L4xx_HAL_Driver/Src/stm32l4xx_hal_pcd.o
                0x0000000008001ac8                HAL_PCD_EP_Abort
 .text.HAL_PCD_EP_Flush
                0x0000000008001b2a       0x5a ./Drivers/STM32L4xx_HAL_Driver/Src/stm32l4xx_hal_pcd.o
                0x0000000008001b2a                HAL_PCD_EP_Flush
 .text.PCD_WriteEmptyTxFifo
                0x0000000008001b84      0x110 ./Drivers/STM32L4xx_HAL_Driver/Src/stm32l4xx_hal_pcd.o
 .text.PCD_EP_OutXfrComplete_int
                0x0000000008001c94       0x9c ./Drivers/STM32L4xx_HAL_Driver/Src/stm32l4xx_hal_pcd.o
 .text.PCD_EP_OutSetupPacket_int
                0x0000000008001d30       0x68 ./Drivers/STM32L4xx_HAL_Driver/Src/stm32l4xx_hal_pcd.o
 .text.HAL_PCDEx_SetTxFiFo
                0x0000000008001d98       0x8e ./Drivers/STM32L4xx_HAL_Driver/Src/stm32l4xx_hal_pcd_ex.o
                0x0000000008001d98                HAL_PCDEx_SetTxFiFo
 .text.HAL_PCDEx_SetRxFiFo
                0x0000000008001e26       0x22 ./Drivers/STM32L4xx_HAL_Driver/Src/stm32l4xx_hal_pcd_ex.o
                0x0000000008001e26                HAL_PCDEx_SetRxFiFo
 .text.HAL_PCDEx_ActivateLPM
                0x0000000008001e48       0x48 ./Drivers/STM32L4xx_HAL_Driver/Src/stm32l4xx_hal_pcd_ex.o
                0x0000000008001e48                HAL_PCDEx_ActivateLPM
 .text.HAL_PWREx_GetVoltageRange
                0x0000000008001e90       0x1c ./Drivers/STM32L4xx_HAL_Driver/Src/stm32l4xx_hal_pwr_ex.o
                0x0000000008001e90                HAL_PWREx_GetVoltageRange
 .text.HAL_PWREx_ControlVoltageScaling
                0x0000000008001eac       0xac ./Drivers/STM32L4xx_HAL_Driver/Src/stm32l4xx_hal_pwr_ex.o
                0x0000000008001eac                HAL_PWREx_ControlVoltageScaling
 .text.HAL_PWREx_EnableVddUSB
                0x0000000008001f58       0x20 ./Drivers/STM32L4xx_HAL_Driver/Src/stm32l4xx_hal_pwr_ex.o
                0x0000000008001f58                HAL_PWREx_EnableVddUSB
 .text.HAL_RCC_OscConfig
                0x0000000008001f78      0x7b8 ./Drivers/STM32L4xx_HAL_Driver/Src/stm32l4xx_hal_rcc.o
                0x0000000008001f78                HAL_RCC_OscConfig
 .text.HAL_RCC_ClockConfig
                0x0000000008002730      0x200 ./Drivers/STM32L4xx_HAL_Driver/Src/stm32l4xx_hal_rcc.o
                0x0000000008002730                HAL_RCC_ClockConfig
 .text.HAL_RCC_GetSysClockFreq
                0x0000000008002930      0x118 ./Drivers/STM32L4xx_HAL_Driver/Src/stm32l4xx_hal_rcc.o
                0x0000000008002930                HAL_RCC_GetSysClockFreq
 .text.HAL_RCC_GetHCLKFreq
                0x0000000008002a48       0x18 ./Drivers/STM32L4xx_HAL_Driver/Src/stm32l4xx_hal_rcc.o
                0x0000000008002a48                HAL_RCC_GetHCLKFreq
 .text.RCC_SetFlashLatencyFromMSIRange
                0x0000000008002a60       0xc0 ./Drivers/STM32L4xx_HAL_Driver/Src/stm32l4xx_hal_rcc.o
 .text.HAL_RCCEx_PeriphCLKConfig
                0x0000000008002b20      0x5d4 ./Drivers/STM32L4xx_HAL_Driver/Src/stm32l4xx_hal_rcc_ex.o
                0x0000000008002b20                HAL_RCCEx_PeriphCLKConfig
 .text.RCCEx_PLLSAI1_Config
                0x00000000080030f4      0x1e8 ./Drivers/STM32L4xx_HAL_Driver/Src/stm32l4xx_hal_rcc_ex.o
 .text.RCCEx_PLLSAI2_Config
                0x00000000080032dc      0x1bc ./Drivers/STM32L4xx_HAL_Driver/Src/stm32l4xx_hal_rcc_ex.o
 .text.USB_CoreInit
                0x0000000008003498       0x58 ./Drivers/STM32L4xx_HAL_Driver/Src/stm32l4xx_ll_usb.o
                0x0000000008003498                USB_CoreInit
 .text.USB_SetTurnaroundTime
                0x00000000080034f0      0x138 ./Drivers/STM32L4xx_HAL_Driver/Src/stm32l4xx_ll_usb.o
                0x00000000080034f0                USB_SetTurnaroundTime
 .text.USB_EnableGlobalInt
                0x0000000008003628       0x22 ./Drivers/STM32L4xx_HAL_Driver/Src/stm32l4xx_ll_usb.o
                0x0000000008003628                USB_EnableGlobalInt
 .text.USB_DisableGlobalInt
                0x000000000800364a       0x22 ./Drivers/STM32L4xx_HAL_Driver/Src/stm32l4xx_ll_usb.o
                0x000000000800364a                USB_DisableGlobalInt
 .text.USB_SetCurrentMode
                0x000000000800366c       0x98 ./Drivers/STM32L4xx_HAL_Driver/Src/stm32l4xx_ll_usb.o
                0x000000000800366c                USB_SetCurrentMode
 .text.USB_DevInit
                0x0000000008003704      0x298 ./Drivers/STM32L4xx_HAL_Driver/Src/stm32l4xx_ll_usb.o
                0x0000000008003704                USB_DevInit
 .text.USB_FlushTxFifo
                0x000000000800399c       0x68 ./Drivers/STM32L4xx_HAL_Driver/Src/stm32l4xx_ll_usb.o
                0x000000000800399c                USB_FlushTxFifo
 .text.USB_FlushRxFifo
                0x0000000008003a04       0x60 ./Drivers/STM32L4xx_HAL_Driver/Src/stm32l4xx_ll_usb.o
                0x0000000008003a04                USB_FlushRxFifo
 .text.USB_SetDevSpeed
                0x0000000008003a64       0x32 ./Drivers/STM32L4xx_HAL_Driver/Src/stm32l4xx_ll_usb.o
                0x0000000008003a64                USB_SetDevSpeed
 .text.USB_GetDevSpeed
                0x0000000008003a96       0x3e ./Drivers/STM32L4xx_HAL_Driver/Src/stm32l4xx_ll_usb.o
                0x0000000008003a96                USB_GetDevSpeed
 .text.USB_ActivateEndpoint
                0x0000000008003ad4      0x10e ./Drivers/STM32L4xx_HAL_Driver/Src/stm32l4xx_ll_usb.o
                0x0000000008003ad4                USB_ActivateEndpoint
 *fill*         0x0000000008003be2        0x2 
 .text.USB_DeactivateEndpoint
                0x0000000008003be4      0x1b8 ./Drivers/STM32L4xx_HAL_Driver/Src/stm32l4xx_ll_usb.o
                0x0000000008003be4                USB_DeactivateEndpoint
 .text.USB_EPStartXfer
                0x0000000008003d9c      0x3c0 ./Drivers/STM32L4xx_HAL_Driver/Src/stm32l4xx_ll_usb.o
                0x0000000008003d9c                USB_EPStartXfer
 .text.USB_EP0StartXfer
                0x000000000800415c      0x244 ./Drivers/STM32L4xx_HAL_Driver/Src/stm32l4xx_ll_usb.o
                0x000000000800415c                USB_EP0StartXfer
 .text.USB_EPStopXfer
                0x00000000080043a0      0x154 ./Drivers/STM32L4xx_HAL_Driver/Src/stm32l4xx_ll_usb.o
                0x00000000080043a0                USB_EPStopXfer
 .text.USB_WritePacket
                0x00000000080044f4       0x74 ./Drivers/STM32L4xx_HAL_Driver/Src/stm32l4xx_ll_usb.o
                0x00000000080044f4                USB_WritePacket
 .text.USB_ReadPacket
                0x0000000008004568       0xb0 ./Drivers/STM32L4xx_HAL_Driver/Src/stm32l4xx_ll_usb.o
                0x0000000008004568                USB_ReadPacket
 .text.USB_EPSetStall
                0x0000000008004618       0xdc ./Drivers/STM32L4xx_HAL_Driver/Src/stm32l4xx_ll_usb.o
                0x0000000008004618                USB_EPSetStall
 .text.USB_EPClearStall
                0x00000000080046f4       0xcc ./Drivers/STM32L4xx_HAL_Driver/Src/stm32l4xx_ll_usb.o
                0x00000000080046f4                USB_EPClearStall
 .text.USB_SetDevAddress
                0x00000000080047c0       0x4c ./Drivers/STM32L4xx_HAL_Driver/Src/stm32l4xx_ll_usb.o
                0x00000000080047c0                USB_SetDevAddress
 .text.USB_DevConnect
                0x000000000800480c       0x42 ./Drivers/STM32L4xx_HAL_Driver/Src/stm32l4xx_ll_usb.o
                0x000000000800480c                USB_DevConnect
 .text.USB_DevDisconnect
                0x000000000800484e       0x42 ./Drivers/STM32L4xx_HAL_Driver/Src/stm32l4xx_ll_usb.o
                0x000000000800484e                USB_DevDisconnect
 .text.USB_ReadInterrupts
                0x0000000008004890       0x26 ./Drivers/STM32L4xx_HAL_Driver/Src/stm32l4xx_ll_usb.o
                0x0000000008004890                USB_ReadInterrupts
 .text.USB_ReadDevAllOutEpInterrupt
                0x00000000080048b6       0x34 ./Drivers/STM32L4xx_HAL_Driver/Src/stm32l4xx_ll_usb.o
                0x00000000080048b6                USB_ReadDevAllOutEpInterrupt
 .text.USB_ReadDevAllInEpInterrupt
                0x00000000080048ea       0x34 ./Drivers/STM32L4xx_HAL_Driver/Src/stm32l4xx_ll_usb.o
                0x00000000080048ea                USB_ReadDevAllInEpInterrupt
 .text.USB_ReadDevOutEPInterrupt
                0x000000000800491e       0x3c ./Drivers/STM32L4xx_HAL_Driver/Src/stm32l4xx_ll_usb.o
                0x000000000800491e                USB_ReadDevOutEPInterrupt
 .text.USB_ReadDevInEPInterrupt
                0x000000000800495a       0x5c ./Drivers/STM32L4xx_HAL_Driver/Src/stm32l4xx_ll_usb.o
                0x000000000800495a                USB_ReadDevInEPInterrupt
 .text.USB_GetMode
                0x00000000080049b6       0x1c ./Drivers/STM32L4xx_HAL_Driver/Src/stm32l4xx_ll_usb.o
                0x00000000080049b6                USB_GetMode
 .text.USB_ActivateSetup
                0x00000000080049d2       0x46 ./Drivers/STM32L4xx_HAL_Driver/Src/stm32l4xx_ll_usb.o
                0x00000000080049d2                USB_ActivateSetup
 .text.USB_EP0_OutStart
                0x0000000008004a18       0x90 ./Drivers/STM32L4xx_HAL_Driver/Src/stm32l4xx_ll_usb.o
                0x0000000008004a18                USB_EP0_OutStart
 .text.USB_CoreReset
                0x0000000008004aa8       0x68 ./Drivers/STM32L4xx_HAL_Driver/Src/stm32l4xx_ll_usb.o
 .text.USBD_MSC_Init
                0x0000000008004b10       0x9a ./Middlewares/ST/STM32_USB_Device_Library/Class/MSC/Src/usbd_msc.o
                0x0000000008004b10                USBD_MSC_Init
 .text.USBD_MSC_DeInit
                0x0000000008004baa       0x58 ./Middlewares/ST/STM32_USB_Device_Library/Class/MSC/Src/usbd_msc.o
                0x0000000008004baa                USBD_MSC_DeInit
 *fill*         0x0000000008004c02        0x2 
 .text.USBD_MSC_Setup
                0x0000000008004c04      0x1e4 ./Middlewares/ST/STM32_USB_Device_Library/Class/MSC/Src/usbd_msc.o
                0x0000000008004c04                USBD_MSC_Setup
 .text.USBD_MSC_DataIn
                0x0000000008004de8       0x20 ./Middlewares/ST/STM32_USB_Device_Library/Class/MSC/Src/usbd_msc.o
                0x0000000008004de8                USBD_MSC_DataIn
 .text.USBD_MSC_DataOut
                0x0000000008004e08       0x20 ./Middlewares/ST/STM32_USB_Device_Library/Class/MSC/Src/usbd_msc.o
                0x0000000008004e08                USBD_MSC_DataOut
 .text.USBD_MSC_GetHSCfgDesc
                0x0000000008004e28       0x20 ./Middlewares/ST/STM32_USB_Device_Library/Class/MSC/Src/usbd_msc.o
                0x0000000008004e28                USBD_MSC_GetHSCfgDesc
 .text.USBD_MSC_GetFSCfgDesc
                0x0000000008004e48       0x20 ./Middlewares/ST/STM32_USB_Device_Library/Class/MSC/Src/usbd_msc.o
                0x0000000008004e48                USBD_MSC_GetFSCfgDesc
 .text.USBD_MSC_GetOtherSpeedCfgDesc
                0x0000000008004e68       0x20 ./Middlewares/ST/STM32_USB_Device_Library/Class/MSC/Src/usbd_msc.o
                0x0000000008004e68                USBD_MSC_GetOtherSpeedCfgDesc
 .text.USBD_MSC_GetDeviceQualifierDescriptor
                0x0000000008004e88       0x20 ./Middlewares/ST/STM32_USB_Device_Library/Class/MSC/Src/usbd_msc.o
                0x0000000008004e88                USBD_MSC_GetDeviceQualifierDescriptor
 .text.USBD_MSC_RegisterStorage
                0x0000000008004ea8       0x2a ./Middlewares/ST/STM32_USB_Device_Library/Class/MSC/Src/usbd_msc.o
                0x0000000008004ea8                USBD_MSC_RegisterStorage
 .text.MSC_BOT_Init
                0x0000000008004ed2       0x70 ./Middlewares/ST/STM32_USB_Device_Library/Class/MSC/Src/usbd_msc_bot.o
                0x0000000008004ed2                MSC_BOT_Init
 .text.MSC_BOT_Reset
                0x0000000008004f42       0x4c ./Middlewares/ST/STM32_USB_Device_Library/Class/MSC/Src/usbd_msc_bot.o
                0x0000000008004f42                MSC_BOT_Reset
 .text.MSC_BOT_DeInit
                0x0000000008004f8e       0x28 ./Middlewares/ST/STM32_USB_Device_Library/Class/MSC/Src/usbd_msc_bot.o
                0x0000000008004f8e                MSC_BOT_DeInit
 .text.MSC_BOT_DataIn
                0x0000000008004fb6       0x6c ./Middlewares/ST/STM32_USB_Device_Library/Class/MSC/Src/usbd_msc_bot.o
                0x0000000008004fb6                MSC_BOT_DataIn
 .text.MSC_BOT_DataOut
                0x0000000008005022       0x60 ./Middlewares/ST/STM32_USB_Device_Library/Class/MSC/Src/usbd_msc_bot.o
                0x0000000008005022                MSC_BOT_DataOut
 *fill*         0x0000000008005082        0x2 
 .text.MSC_BOT_CBW_Decode
                0x0000000008005084      0x118 ./Middlewares/ST/STM32_USB_Device_Library/Class/MSC/Src/usbd_msc_bot.o
 .text.MSC_BOT_SendData
                0x000000000800519c       0x5e ./Middlewares/ST/STM32_USB_Device_Library/Class/MSC/Src/usbd_msc_bot.o
 *fill*         0x00000000080051fa        0x2 
 .text.MSC_BOT_SendCSW
                0x00000000080051fc       0x60 ./Middlewares/ST/STM32_USB_Device_Library/Class/MSC/Src/usbd_msc_bot.o
                0x00000000080051fc                MSC_BOT_SendCSW
 .text.MSC_BOT_Abort
                0x000000000800525c       0x64 ./Middlewares/ST/STM32_USB_Device_Library/Class/MSC/Src/usbd_msc_bot.o
 .text.MSC_BOT_CplClrFeature
                0x00000000080052c0       0x5a ./Middlewares/ST/STM32_USB_Device_Library/Class/MSC/Src/usbd_msc_bot.o
                0x00000000080052c0                MSC_BOT_CplClrFeature
 *fill*         0x000000000800531a        0x2 
 .text.SCSI_ProcessCmd
                0x000000000800531c      0x2fc ./Middlewares/ST/STM32_USB_Device_Library/Class/MSC/Src/usbd_msc_scsi.o
                0x000000000800531c                SCSI_ProcessCmd
 .text.SCSI_TestUnitReady
                0x0000000008005618       0xa0 ./Middlewares/ST/STM32_USB_Device_Library/Class/MSC/Src/usbd_msc_scsi.o
 .text.SCSI_Inquiry
                0x00000000080056b8       0xe8 ./Middlewares/ST/STM32_USB_Device_Library/Class/MSC/Src/usbd_msc_scsi.o
 .text.SCSI_ReadCapacity10
                0x00000000080057a0       0xea ./Middlewares/ST/STM32_USB_Device_Library/Class/MSC/Src/usbd_msc_scsi.o
 .text.SCSI_ReadCapacity16
                0x000000000800588a      0x154 ./Middlewares/ST/STM32_USB_Device_Library/Class/MSC/Src/usbd_msc_scsi.o
 .text.SCSI_ReadFormatCapacity
                0x00000000080059de       0xe4 ./Middlewares/ST/STM32_USB_Device_Library/Class/MSC/Src/usbd_msc_scsi.o
 *fill*         0x0000000008005ac2        0x2 
 .text.SCSI_ModeSense6
                0x0000000008005ac4       0x58 ./Middlewares/ST/STM32_USB_Device_Library/Class/MSC/Src/usbd_msc_scsi.o
 .text.SCSI_ModeSense10
                0x0000000008005b1c       0x58 ./Middlewares/ST/STM32_USB_Device_Library/Class/MSC/Src/usbd_msc_scsi.o
 .text.SCSI_RequestSense
                0x0000000008005b74       0xfe ./Middlewares/ST/STM32_USB_Device_Library/Class/MSC/Src/usbd_msc_scsi.o
 .text.SCSI_SenseCode
                0x0000000008005c72       0x8e ./Middlewares/ST/STM32_USB_Device_Library/Class/MSC/Src/usbd_msc_scsi.o
                0x0000000008005c72                SCSI_SenseCode
 .text.SCSI_StartStopUnit
                0x0000000008005d00       0xa2 ./Middlewares/ST/STM32_USB_Device_Library/Class/MSC/Src/usbd_msc_scsi.o
 .text.SCSI_AllowPreventRemovable
                0x0000000008005da2       0x52 ./Middlewares/ST/STM32_USB_Device_Library/Class/MSC/Src/usbd_msc_scsi.o
 .text.SCSI_Read10
                0x0000000008005df4      0x140 ./Middlewares/ST/STM32_USB_Device_Library/Class/MSC/Src/usbd_msc_scsi.o
 .text.SCSI_Read12
                0x0000000008005f34      0x156 ./Middlewares/ST/STM32_USB_Device_Library/Class/MSC/Src/usbd_msc_scsi.o
 .text.SCSI_Write10
                0x000000000800608a      0x18a ./Middlewares/ST/STM32_USB_Device_Library/Class/MSC/Src/usbd_msc_scsi.o
 .text.SCSI_Write12
                0x0000000008006214      0x1aa ./Middlewares/ST/STM32_USB_Device_Library/Class/MSC/Src/usbd_msc_scsi.o
 .text.SCSI_Verify10
                0x00000000080063be       0x72 ./Middlewares/ST/STM32_USB_Device_Library/Class/MSC/Src/usbd_msc_scsi.o
 .text.SCSI_CheckAddressRange
                0x0000000008006430       0x50 ./Middlewares/ST/STM32_USB_Device_Library/Class/MSC/Src/usbd_msc_scsi.o
 .text.SCSI_ProcessRead
                0x0000000008006480       0xf2 ./Middlewares/ST/STM32_USB_Device_Library/Class/MSC/Src/usbd_msc_scsi.o
 .text.SCSI_ProcessWrite
                0x0000000008006572      0x112 ./Middlewares/ST/STM32_USB_Device_Library/Class/MSC/Src/usbd_msc_scsi.o
 .text.SCSI_UpdateBotData
                0x0000000008006684       0x52 ./Middlewares/ST/STM32_USB_Device_Library/Class/MSC/Src/usbd_msc_scsi.o
 .text.USBD_Init
                0x00000000080066d6       0x60 ./Middlewares/ST/STM32_USB_Device_Library/Core/Src/usbd_core.o
                0x00000000080066d6                USBD_Init
 .text.USBD_RegisterClass
                0x0000000008006736       0x4e ./Middlewares/ST/STM32_USB_Device_Library/Core/Src/usbd_core.o
                0x0000000008006736                USBD_RegisterClass
 .text.USBD_Start
                0x0000000008006784       0x18 ./Middlewares/ST/STM32_USB_Device_Library/Core/Src/usbd_core.o
                0x0000000008006784                USBD_Start
 .text.USBD_RunTestMode
                0x000000000800679c       0x16 ./Middlewares/ST/STM32_USB_Device_Library/Core/Src/usbd_core.o
                0x000000000800679c                USBD_RunTestMode
 .text.USBD_SetClassConfig
                0x00000000080067b2       0x38 ./Middlewares/ST/STM32_USB_Device_Library/Core/Src/usbd_core.o
                0x00000000080067b2                USBD_SetClassConfig
 .text.USBD_ClrClassConfig
                0x00000000080067ea       0x30 ./Middlewares/ST/STM32_USB_Device_Library/Core/Src/usbd_core.o
                0x00000000080067ea                USBD_ClrClassConfig
 .text.USBD_LL_SetupStage
                0x000000000800681a       0xaa ./Middlewares/ST/STM32_USB_Device_Library/Core/Src/usbd_core.o
                0x000000000800681a                USBD_LL_SetupStage
 .text.USBD_LL_DataOutStage
                0x00000000080068c4       0xc6 ./Middlewares/ST/STM32_USB_Device_Library/Core/Src/usbd_core.o
                0x00000000080068c4                USBD_LL_DataOutStage
 .text.USBD_LL_DataInStage
                0x000000000800698a      0x12c ./Middlewares/ST/STM32_USB_Device_Library/Core/Src/usbd_core.o
                0x000000000800698a                USBD_LL_DataInStage
 .text.USBD_LL_Reset
                0x0000000008006ab6       0x9c ./Middlewares/ST/STM32_USB_Device_Library/Core/Src/usbd_core.o
                0x0000000008006ab6                USBD_LL_Reset
 .text.USBD_LL_SetSpeed
                0x0000000008006b52       0x20 ./Middlewares/ST/STM32_USB_Device_Library/Core/Src/usbd_core.o
                0x0000000008006b52                USBD_LL_SetSpeed
 .text.USBD_LL_Suspend
                0x0000000008006b72       0x2c ./Middlewares/ST/STM32_USB_Device_Library/Core/Src/usbd_core.o
                0x0000000008006b72                USBD_LL_Suspend
 .text.USBD_LL_Resume
                0x0000000008006b9e       0x30 ./Middlewares/ST/STM32_USB_Device_Library/Core/Src/usbd_core.o
                0x0000000008006b9e                USBD_LL_Resume
 .text.USBD_LL_SOF
                0x0000000008006bce       0x44 ./Middlewares/ST/STM32_USB_Device_Library/Core/Src/usbd_core.o
                0x0000000008006bce                USBD_LL_SOF
 .text.USBD_LL_IsoINIncomplete
                0x0000000008006c12       0x4c ./Middlewares/ST/STM32_USB_Device_Library/Core/Src/usbd_core.o
                0x0000000008006c12                USBD_LL_IsoINIncomplete
 .text.USBD_LL_IsoOUTIncomplete
                0x0000000008006c5e       0x4c ./Middlewares/ST/STM32_USB_Device_Library/Core/Src/usbd_core.o
                0x0000000008006c5e                USBD_LL_IsoOUTIncomplete
 .text.USBD_LL_DevConnected
                0x0000000008006caa       0x16 ./Middlewares/ST/STM32_USB_Device_Library/Core/Src/usbd_core.o
                0x0000000008006caa                USBD_LL_DevConnected
 .text.USBD_LL_DevDisconnected
                0x0000000008006cc0       0x38 ./Middlewares/ST/STM32_USB_Device_Library/Core/Src/usbd_core.o
                0x0000000008006cc0                USBD_LL_DevDisconnected
 .text.SWAPBYTE
                0x0000000008006cf8       0x3c ./Middlewares/ST/STM32_USB_Device_Library/Core/Src/usbd_ctlreq.o
 .text.USBD_StdDevReq
                0x0000000008006d34       0xdc ./Middlewares/ST/STM32_USB_Device_Library/Core/Src/usbd_ctlreq.o
                0x0000000008006d34                USBD_StdDevReq
 .text.USBD_StdItfReq
                0x0000000008006e10       0x92 ./Middlewares/ST/STM32_USB_Device_Library/Core/Src/usbd_ctlreq.o
                0x0000000008006e10                USBD_StdItfReq
 .text.USBD_StdEPReq
                0x0000000008006ea2      0x2c4 ./Middlewares/ST/STM32_USB_Device_Library/Core/Src/usbd_ctlreq.o
                0x0000000008006ea2                USBD_StdEPReq
 *fill*         0x0000000008007166        0x2 
 .text.USBD_GetDescriptor
                0x0000000008007168      0x328 ./Middlewares/ST/STM32_USB_Device_Library/Core/Src/usbd_ctlreq.o
 .text.USBD_SetAddress
                0x0000000008007490       0x88 ./Middlewares/ST/STM32_USB_Device_Library/Core/Src/usbd_ctlreq.o
 .text.USBD_SetConfig
                0x0000000008007518      0x14c ./Middlewares/ST/STM32_USB_Device_Library/Core/Src/usbd_ctlreq.o
 .text.USBD_GetConfig
                0x0000000008007664       0x6c ./Middlewares/ST/STM32_USB_Device_Library/Core/Src/usbd_ctlreq.o
 .text.USBD_GetStatus
                0x00000000080076d0       0x68 ./Middlewares/ST/STM32_USB_Device_Library/Core/Src/usbd_ctlreq.o
 .text.USBD_SetFeature
                0x0000000008007738       0x28 ./Middlewares/ST/STM32_USB_Device_Library/Core/Src/usbd_ctlreq.o
 .text.USBD_ClrFeature
                0x0000000008007760       0x44 ./Middlewares/ST/STM32_USB_Device_Library/Core/Src/usbd_ctlreq.o
 .text.USBD_ParseSetupRequest
                0x00000000080077a4       0x74 ./Middlewares/ST/STM32_USB_Device_Library/Core/Src/usbd_ctlreq.o
                0x00000000080077a4                USBD_ParseSetupRequest
 .text.USBD_CtlError
                0x0000000008007818       0x22 ./Middlewares/ST/STM32_USB_Device_Library/Core/Src/usbd_ctlreq.o
                0x0000000008007818                USBD_CtlError
 .text.USBD_GetString
                0x000000000800783a       0x8c ./Middlewares/ST/STM32_USB_Device_Library/Core/Src/usbd_ctlreq.o
                0x000000000800783a                USBD_GetString
 .text.USBD_GetLen
                0x00000000080078c6       0x34 ./Middlewares/ST/STM32_USB_Device_Library/Core/Src/usbd_ctlreq.o
 .text.USBD_CtlSendData
                0x00000000080078fa       0x36 ./Middlewares/ST/STM32_USB_Device_Library/Core/Src/usbd_ioreq.o
                0x00000000080078fa                USBD_CtlSendData
 .text.USBD_CtlContinueSendData
                0x0000000008007930       0x22 ./Middlewares/ST/STM32_USB_Device_Library/Core/Src/usbd_ioreq.o
                0x0000000008007930                USBD_CtlContinueSendData
 .text.USBD_CtlContinueRx
                0x0000000008007952       0x22 ./Middlewares/ST/STM32_USB_Device_Library/Core/Src/usbd_ioreq.o
                0x0000000008007952                USBD_CtlContinueRx
 .text.USBD_CtlSendStatus
                0x0000000008007974       0x26 ./Middlewares/ST/STM32_USB_Device_Library/Core/Src/usbd_ioreq.o
                0x0000000008007974                USBD_CtlSendStatus
 .text.USBD_CtlReceiveStatus
                0x000000000800799a       0x26 ./Middlewares/ST/STM32_USB_Device_Library/Core/Src/usbd_ioreq.o
                0x000000000800799a                USBD_CtlReceiveStatus
 .text.MX_USB_DEVICE_Init
                0x00000000080079c0       0x60 ./USB_DEVICE/App/usb_device.o
                0x00000000080079c0                MX_USB_DEVICE_Init
 .text.USBD_FS_DeviceDescriptor
                0x0000000008007a20       0x24 ./USB_DEVICE/App/usbd_desc.o
                0x0000000008007a20                USBD_FS_DeviceDescriptor
 .text.USBD_FS_LangIDStrDescriptor
                0x0000000008007a44       0x24 ./USB_DEVICE/App/usbd_desc.o
                0x0000000008007a44                USBD_FS_LangIDStrDescriptor
 .text.USBD_FS_ProductStrDescriptor
                0x0000000008007a68       0x3c ./USB_DEVICE/App/usbd_desc.o
                0x0000000008007a68                USBD_FS_ProductStrDescriptor
 .text.USBD_FS_ManufacturerStrDescriptor
                0x0000000008007aa4       0x28 ./USB_DEVICE/App/usbd_desc.o
                0x0000000008007aa4                USBD_FS_ManufacturerStrDescriptor
 .text.USBD_FS_SerialStrDescriptor
                0x0000000008007acc       0x24 ./USB_DEVICE/App/usbd_desc.o
                0x0000000008007acc                USBD_FS_SerialStrDescriptor
 .text.USBD_FS_ConfigStrDescriptor
                0x0000000008007af0       0x3c ./USB_DEVICE/App/usbd_desc.o
                0x0000000008007af0                USBD_FS_ConfigStrDescriptor
 .text.USBD_FS_InterfaceStrDescriptor
                0x0000000008007b2c       0x3c ./USB_DEVICE/App/usbd_desc.o
                0x0000000008007b2c                USBD_FS_InterfaceStrDescriptor
 .text.USBD_FS_USR_BOSDescriptor
                0x0000000008007b68       0x24 ./USB_DEVICE/App/usbd_desc.o
                0x0000000008007b68                USBD_FS_USR_BOSDescriptor
 .text.Get_SerialNum
                0x0000000008007b8c       0x58 ./USB_DEVICE/App/usbd_desc.o
 .text.IntToUnicode
                0x0000000008007be4       0x7e ./USB_DEVICE/App/usbd_desc.o
 .text.STORAGE_Init_FS
                0x0000000008007c62       0x18 ./USB_DEVICE/App/usbd_storage_if.o
 .text.STORAGE_GetCapacity_FS
                0x0000000008007c7a       0x2a ./USB_DEVICE/App/usbd_storage_if.o
 .text.STORAGE_IsReady_FS
                0x0000000008007ca4       0x18 ./USB_DEVICE/App/usbd_storage_if.o
 .text.STORAGE_IsWriteProtected_FS
                0x0000000008007cbc       0x18 ./USB_DEVICE/App/usbd_storage_if.o
 .text.STORAGE_Read_FS
                0x0000000008007cd4       0x38 ./USB_DEVICE/App/usbd_storage_if.o
 .text.STORAGE_Write_FS
                0x0000000008007d0c       0x38 ./USB_DEVICE/App/usbd_storage_if.o
 .text.STORAGE_GetMaxLun_FS
                0x0000000008007d44       0x10 ./USB_DEVICE/App/usbd_storage_if.o
 .text.HAL_PCD_MspInit
                0x0000000008007d54      0x124 ./USB_DEVICE/Target/usbd_conf.o
                0x0000000008007d54                HAL_PCD_MspInit
 .text.HAL_PCD_SetupStageCallback
                0x0000000008007e78       0x24 ./USB_DEVICE/Target/usbd_conf.o
                0x0000000008007e78                HAL_PCD_SetupStageCallback
 .text.HAL_PCD_DataOutStageCallback
                0x0000000008007e9c       0x36 ./USB_DEVICE/Target/usbd_conf.o
                0x0000000008007e9c                HAL_PCD_DataOutStageCallback
 .text.HAL_PCD_DataInStageCallback
                0x0000000008007ed2       0x34 ./USB_DEVICE/Target/usbd_conf.o
                0x0000000008007ed2                HAL_PCD_DataInStageCallback
 .text.HAL_PCD_SOFCallback
                0x0000000008007f06       0x1c ./USB_DEVICE/Target/usbd_conf.o
                0x0000000008007f06                HAL_PCD_SOFCallback
 .text.HAL_PCD_ResetCallback
                0x0000000008007f22       0x3c ./USB_DEVICE/Target/usbd_conf.o
                0x0000000008007f22                HAL_PCD_ResetCallback
 *fill*         0x0000000008007f5e        0x2 
 .text.HAL_PCD_SuspendCallback
                0x0000000008007f60       0x4c ./USB_DEVICE/Target/usbd_conf.o
                0x0000000008007f60                HAL_PCD_SuspendCallback
 .text.HAL_PCD_ResumeCallback
                0x0000000008007fac       0x50 ./USB_DEVICE/Target/usbd_conf.o
                0x0000000008007fac                HAL_PCD_ResumeCallback
 .text.HAL_PCD_ISOOUTIncompleteCallback
                0x0000000008007ffc       0x24 ./USB_DEVICE/Target/usbd_conf.o
                0x0000000008007ffc                HAL_PCD_ISOOUTIncompleteCallback
 .text.HAL_PCD_ISOINIncompleteCallback
                0x0000000008008020       0x24 ./USB_DEVICE/Target/usbd_conf.o
                0x0000000008008020                HAL_PCD_ISOINIncompleteCallback
 .text.HAL_PCD_ConnectCallback
                0x0000000008008044       0x1c ./USB_DEVICE/Target/usbd_conf.o
                0x0000000008008044                HAL_PCD_ConnectCallback
 .text.HAL_PCD_DisconnectCallback
                0x0000000008008060       0x1c ./USB_DEVICE/Target/usbd_conf.o
                0x0000000008008060                HAL_PCD_DisconnectCallback
 .text.USBD_LL_Init
                0x000000000800807c       0x98 ./USB_DEVICE/Target/usbd_conf.o
                0x000000000800807c                USBD_LL_Init
 .text.USBD_LL_Start
                0x0000000008008114       0x64 ./USB_DEVICE/Target/usbd_conf.o
                0x0000000008008114                USBD_LL_Start
 .text.USBD_LL_OpenEP
                0x0000000008008178       0x7c ./USB_DEVICE/Target/usbd_conf.o
                0x0000000008008178                USBD_LL_OpenEP
 .text.USBD_LL_CloseEP
                0x00000000080081f4       0x6c ./USB_DEVICE/Target/usbd_conf.o
                0x00000000080081f4                USBD_LL_CloseEP
 .text.USBD_LL_FlushEP
                0x0000000008008260       0x6c ./USB_DEVICE/Target/usbd_conf.o
                0x0000000008008260                USBD_LL_FlushEP
 .text.USBD_LL_StallEP
                0x00000000080082cc       0x6c ./USB_DEVICE/Target/usbd_conf.o
                0x00000000080082cc                USBD_LL_StallEP
 .text.USBD_LL_ClearStallEP
                0x0000000008008338       0x6c ./USB_DEVICE/Target/usbd_conf.o
                0x0000000008008338                USBD_LL_ClearStallEP
 .text.USBD_LL_IsStallEP
                0x00000000080083a4       0x58 ./USB_DEVICE/Target/usbd_conf.o
                0x00000000080083a4                USBD_LL_IsStallEP
 .text.USBD_LL_SetUSBAddress
                0x00000000080083fc       0x6c ./USB_DEVICE/Target/usbd_conf.o
                0x00000000080083fc                USBD_LL_SetUSBAddress
 .text.USBD_LL_Transmit
                0x0000000008008468       0x70 ./USB_DEVICE/Target/usbd_conf.o
                0x0000000008008468                USBD_LL_Transmit
 .text.USBD_LL_PrepareReceive
                0x00000000080084d8       0x70 ./USB_DEVICE/Target/usbd_conf.o
                0x00000000080084d8                USBD_LL_PrepareReceive
 .text.USBD_LL_GetRxDataSize
                0x0000000008008548       0x26 ./USB_DEVICE/Target/usbd_conf.o
                0x0000000008008548                USBD_LL_GetRxDataSize
 *fill*         0x000000000800856e        0x2 
 .text.HAL_PCDEx_LPM_Callback
                0x0000000008008570       0x9c ./USB_DEVICE/Target/usbd_conf.o
                0x0000000008008570                HAL_PCDEx_LPM_Callback
 .text.USBD_static_malloc
                0x000000000800860c       0x1c ./USB_DEVICE/Target/usbd_conf.o
                0x000000000800860c                USBD_static_malloc
 .text.USBD_static_free
                0x0000000008008628       0x14 ./USB_DEVICE/Target/usbd_conf.o
                0x0000000008008628                USBD_static_free
 .text.SystemClockConfig_Resume
                0x000000000800863c        0xc ./USB_DEVICE/Target/usbd_conf.o
 .text.__libc_init_array
                0x0000000008008648       0x48 d:/stm32cubeide_1.11.2/stm32cubeide/plugins/com.st.stm32cube.ide.mcu.externaltools.gnu-tools-for-stm32.10.3-2021.10.win32_1.0.100.202210260954/tools/bin/../lib/gcc/arm-none-eabi/10.3.1/../../../../arm-none-eabi/lib/thumb/v7e-m+fp/hard\libc_nano.a(lib_a-init.o)
                0x0000000008008648                __libc_init_array
 .text.memcpy   0x0000000008008690       0x1c d:/stm32cubeide_1.11.2/stm32cubeide/plugins/com.st.stm32cube.ide.mcu.externaltools.gnu-tools-for-stm32.10.3-2021.10.win32_1.0.100.202210260954/tools/bin/../lib/gcc/arm-none-eabi/10.3.1/../../../../arm-none-eabi/lib/thumb/v7e-m+fp/hard\libc_nano.a(lib_a-memcpy-stub.o)
                0x0000000008008690                memcpy
 .text.memset   0x00000000080086ac       0x10 d:/stm32cubeide_1.11.2/stm32cubeide/plugins/com.st.stm32cube.ide.mcu.externaltools.gnu-tools-for-stm32.10.3-2021.10.win32_1.0.100.202210260954/tools/bin/../lib/gcc/arm-none-eabi/10.3.1/../../../../arm-none-eabi/lib/thumb/v7e-m+fp/hard\libc_nano.a(lib_a-memset.o)
                0x00000000080086ac                memset
 *(.glue_7)
 .glue_7        0x00000000080086bc        0x0 linker stubs
 *(.glue_7t)
 .glue_7t       0x00000000080086bc        0x0 linker stubs
 *(.eh_frame)
 .eh_frame      0x00000000080086bc        0x0 d:/stm32cubeide_1.11.2/stm32cubeide/plugins/com.st.stm32cube.ide.mcu.externaltools.gnu-tools-for-stm32.10.3-2021.10.win32_1.0.100.202210260954/tools/bin/../lib/gcc/arm-none-eabi/10.3.1/thumb/v7e-m+fp/hard/crtbegin.o
 *(.init)
 .init          0x00000000080086bc        0x4 d:/stm32cubeide_1.11.2/stm32cubeide/plugins/com.st.stm32cube.ide.mcu.externaltools.gnu-tools-for-stm32.10.3-2021.10.win32_1.0.100.202210260954/tools/bin/../lib/gcc/arm-none-eabi/10.3.1/thumb/v7e-m+fp/hard/crti.o
                0x00000000080086bc                _init
 .init          0x00000000080086c0        0x8 d:/stm32cubeide_1.11.2/stm32cubeide/plugins/com.st.stm32cube.ide.mcu.externaltools.gnu-tools-for-stm32.10.3-2021.10.win32_1.0.100.202210260954/tools/bin/../lib/gcc/arm-none-eabi/10.3.1/thumb/v7e-m+fp/hard/crtn.o
 *(.fini)
 .fini          0x00000000080086c8        0x4 d:/stm32cubeide_1.11.2/stm32cubeide/plugins/com.st.stm32cube.ide.mcu.externaltools.gnu-tools-for-stm32.10.3-2021.10.win32_1.0.100.202210260954/tools/bin/../lib/gcc/arm-none-eabi/10.3.1/thumb/v7e-m+fp/hard/crti.o
                0x00000000080086c8                _fini
 .fini          0x00000000080086cc        0x8 d:/stm32cubeide_1.11.2/stm32cubeide/plugins/com.st.stm32cube.ide.mcu.externaltools.gnu-tools-for-stm32.10.3-2021.10.win32_1.0.100.202210260954/tools/bin/../lib/gcc/arm-none-eabi/10.3.1/thumb/v7e-m+fp/hard/crtn.o
                0x00000000080086d4                . = ALIGN (0x4)
                0x00000000080086d4                _etext = .

.vfp11_veneer   0x00000000080086d4        0x0
 .vfp11_veneer  0x00000000080086d4        0x0 linker stubs

.v4_bx          0x00000000080086d4        0x0
 .v4_bx         0x00000000080086d4        0x0 linker stubs

.iplt           0x00000000080086d4        0x0
 .iplt          0x00000000080086d4        0x0 d:/stm32cubeide_1.11.2/stm32cubeide/plugins/com.st.stm32cube.ide.mcu.externaltools.gnu-tools-for-stm32.10.3-2021.10.win32_1.0.100.202210260954/tools/bin/../lib/gcc/arm-none-eabi/10.3.1/thumb/v7e-m+fp/hard/crtbegin.o

.rodata         0x00000000080086d4       0xa8
                0x00000000080086d4                . = ALIGN (0x4)
 *(.rodata)
 .rodata        0x00000000080086d4       0x42 ./USB_DEVICE/App/usbd_desc.o
 *(.rodata*)
 *fill*         0x0000000008008716        0x2 
 .rodata.AHBPrescTable
                0x0000000008008718       0x10 ./Core/Src/system_stm32l4xx.o
                0x0000000008008718                AHBPrescTable
 .rodata.MSIRangeTable
                0x0000000008008728       0x30 ./Core/Src/system_stm32l4xx.o
                0x0000000008008728                MSIRangeTable
 .rodata.STORAGE_Inquirydata_FS
                0x0000000008008758       0x24 ./USB_DEVICE/App/usbd_storage_if.o
                0x0000000008008758                STORAGE_Inquirydata_FS
                0x000000000800877c                . = ALIGN (0x4)

.rel.dyn        0x000000000800877c        0x0
 .rel.iplt      0x000000000800877c        0x0 d:/stm32cubeide_1.11.2/stm32cubeide/plugins/com.st.stm32cube.ide.mcu.externaltools.gnu-tools-for-stm32.10.3-2021.10.win32_1.0.100.202210260954/tools/bin/../lib/gcc/arm-none-eabi/10.3.1/thumb/v7e-m+fp/hard/crtbegin.o

.ARM.extab      0x000000000800877c        0x0
                0x000000000800877c                . = ALIGN (0x4)
 *(.ARM.extab* .gnu.linkonce.armextab.*)
                0x000000000800877c                . = ALIGN (0x4)

.ARM            0x000000000800877c        0x0
                0x000000000800877c                . = ALIGN (0x4)
                0x000000000800877c                __exidx_start = .
 *(.ARM.exidx*)
                0x000000000800877c                __exidx_end = .
                0x000000000800877c                . = ALIGN (0x4)

.preinit_array  0x000000000800877c        0x0
                0x000000000800877c                . = ALIGN (0x4)
                0x000000000800877c                PROVIDE (__preinit_array_start = .)
 *(.preinit_array*)
                0x000000000800877c                PROVIDE (__preinit_array_end = .)
                0x000000000800877c                . = ALIGN (0x4)

.init_array     0x000000000800877c        0x4
                0x000000000800877c                . = ALIGN (0x4)
                0x000000000800877c                PROVIDE (__init_array_start = .)
 *(SORT_BY_NAME(.init_array.*))
 *(.init_array*)
 .init_array    0x000000000800877c        0x4 d:/stm32cubeide_1.11.2/stm32cubeide/plugins/com.st.stm32cube.ide.mcu.externaltools.gnu-tools-for-stm32.10.3-2021.10.win32_1.0.100.202210260954/tools/bin/../lib/gcc/arm-none-eabi/10.3.1/thumb/v7e-m+fp/hard/crtbegin.o
                0x0000000008008780                PROVIDE (__init_array_end = .)
                0x0000000008008780                . = ALIGN (0x4)

.fini_array     0x0000000008008780        0x4
                0x0000000008008780                . = ALIGN (0x4)
                [!provide]                        PROVIDE (__fini_array_start = .)
 *(SORT_BY_NAME(.fini_array.*))
 *(.fini_array*)
 .fini_array    0x0000000008008780        0x4 d:/stm32cubeide_1.11.2/stm32cubeide/plugins/com.st.stm32cube.ide.mcu.externaltools.gnu-tools-for-stm32.10.3-2021.10.win32_1.0.100.202210260954/tools/bin/../lib/gcc/arm-none-eabi/10.3.1/thumb/v7e-m+fp/hard/crtbegin.o
                [!provide]                        PROVIDE (__fini_array_end = .)
                0x0000000008008784                . = ALIGN (0x4)
                0x0000000008008784                _sidata = LOADADDR (.data)

.data           0x0000000020000000      0x174 load address 0x0000000008008784
                0x0000000020000000                . = ALIGN (0x4)
                0x0000000020000000                _sdata = .
 *(.data)
 *(.data*)
 .data.SystemCoreClock
                0x0000000020000000        0x4 ./Core/Src/system_stm32l4xx.o
                0x0000000020000000                SystemCoreClock
 .data.uwTickPrio
                0x0000000020000004        0x4 ./Drivers/STM32L4xx_HAL_Driver/Src/stm32l4xx_hal.o
                0x0000000020000004                uwTickPrio
 .data.uwTickFreq
                0x0000000020000008        0x1 ./Drivers/STM32L4xx_HAL_Driver/Src/stm32l4xx_hal.o
                0x0000000020000008                uwTickFreq
 *fill*         0x0000000020000009        0x3 
 .data.USBD_MSC
                0x000000002000000c       0x38 ./Middlewares/ST/STM32_USB_Device_Library/Class/MSC/Src/usbd_msc.o
                0x000000002000000c                USBD_MSC
 .data.USBD_MSC_CfgHSDesc
                0x0000000020000044       0x20 ./Middlewares/ST/STM32_USB_Device_Library/Class/MSC/Src/usbd_msc.o
 .data.USBD_MSC_CfgFSDesc
                0x0000000020000064       0x20 ./Middlewares/ST/STM32_USB_Device_Library/Class/MSC/Src/usbd_msc.o
 .data.USBD_MSC_OtherSpeedCfgDesc
                0x0000000020000084       0x20 ./Middlewares/ST/STM32_USB_Device_Library/Class/MSC/Src/usbd_msc.o
 .data.USBD_MSC_DeviceQualifierDesc
                0x00000000200000a4        0xa ./Middlewares/ST/STM32_USB_Device_Library/Class/MSC/Src/usbd_msc.o
 *fill*         0x00000000200000ae        0x2 
 .data.MSC_Page00_Inquiry_Data
                0x00000000200000b0        0x6 ./Middlewares/ST/STM32_USB_Device_Library/Class/MSC/Src/usbd_msc_data.o
                0x00000000200000b0                MSC_Page00_Inquiry_Data
 *fill*         0x00000000200000b6        0x2 
 .data.MSC_Page80_Inquiry_Data
                0x00000000200000b8        0x8 ./Middlewares/ST/STM32_USB_Device_Library/Class/MSC/Src/usbd_msc_data.o
                0x00000000200000b8                MSC_Page80_Inquiry_Data
 .data.MSC_Mode_Sense6_data
                0x00000000200000c0       0x17 ./Middlewares/ST/STM32_USB_Device_Library/Class/MSC/Src/usbd_msc_data.o
                0x00000000200000c0                MSC_Mode_Sense6_data
 *fill*         0x00000000200000d7        0x1 
 .data.MSC_Mode_Sense10_data
                0x00000000200000d8       0x1b ./Middlewares/ST/STM32_USB_Device_Library/Class/MSC/Src/usbd_msc_data.o
                0x00000000200000d8                MSC_Mode_Sense10_data
 *fill*         0x00000000200000f3        0x1 
 .data.FS_Desc  0x00000000200000f4       0x20 ./USB_DEVICE/App/usbd_desc.o
                0x00000000200000f4                FS_Desc
 .data.USBD_FS_DeviceDesc
                0x0000000020000114       0x12 ./USB_DEVICE/App/usbd_desc.o
                0x0000000020000114                USBD_FS_DeviceDesc
 *fill*         0x0000000020000126        0x2 
 .data.USBD_FS_BOSDesc
                0x0000000020000128        0xc ./USB_DEVICE/App/usbd_desc.o
                0x0000000020000128                USBD_FS_BOSDesc
 .data.USBD_LangIDDesc
                0x0000000020000134        0x4 ./USB_DEVICE/App/usbd_desc.o
                0x0000000020000134                USBD_LangIDDesc
 .data.USBD_StringSerial
                0x0000000020000138       0x1a ./USB_DEVICE/App/usbd_desc.o
                0x0000000020000138                USBD_StringSerial
 *fill*         0x0000000020000152        0x2 
 .data.USBD_Storage_Interface_fops_FS
                0x0000000020000154       0x20 ./USB_DEVICE/App/usbd_storage_if.o
                0x0000000020000154                USBD_Storage_Interface_fops_FS
 *(.RamFunc)
 *(.RamFunc*)
                0x0000000020000174                . = ALIGN (0x4)
                0x0000000020000174                _edata = .

.igot.plt       0x0000000020000174        0x0 load address 0x00000000080088f8
 .igot.plt      0x0000000020000174        0x0 d:/stm32cubeide_1.11.2/stm32cubeide/plugins/com.st.stm32cube.ide.mcu.externaltools.gnu-tools-for-stm32.10.3-2021.10.win32_1.0.100.202210260954/tools/bin/../lib/gcc/arm-none-eabi/10.3.1/thumb/v7e-m+fp/hard/crtbegin.o
                0x0000000020000174                . = ALIGN (0x4)

.bss            0x0000000020000174    0x19c78 load address 0x00000000080088f8
                0x0000000020000174                _sbss = .
                0x0000000020000174                __bss_start__ = _sbss
 *(.bss)
 .bss           0x0000000020000174       0x1c d:/stm32cubeide_1.11.2/stm32cubeide/plugins/com.st.stm32cube.ide.mcu.externaltools.gnu-tools-for-stm32.10.3-2021.10.win32_1.0.100.202210260954/tools/bin/../lib/gcc/arm-none-eabi/10.3.1/thumb/v7e-m+fp/hard/crtbegin.o
 *(.bss*)
 .bss.uwTick    0x0000000020000190        0x4 ./Drivers/STM32L4xx_HAL_Driver/Src/stm32l4xx_hal.o
                0x0000000020000190                uwTick
 .bss.cfgidx.0  0x0000000020000194        0x1 ./Middlewares/ST/STM32_USB_Device_Library/Core/Src/usbd_ctlreq.o
 *fill*         0x0000000020000195        0x3 
 .bss.hUsbDeviceFS
                0x0000000020000198      0x2d0 ./USB_DEVICE/App/usb_device.o
                0x0000000020000198                hUsbDeviceFS
 .bss.USBD_StrDesc
                0x0000000020000468      0x200 ./USB_DEVICE/App/usbd_desc.o
                0x0000000020000468                USBD_StrDesc
 .bss.buffer    0x0000000020000668    0x19000 ./USB_DEVICE/App/usbd_storage_if.o
                0x0000000020000668                buffer
 .bss.hpcd_USB_OTG_FS
                0x0000000020019668      0x50c ./USB_DEVICE/Target/usbd_conf.o
                0x0000000020019668                hpcd_USB_OTG_FS
 .bss.mem.0     0x0000000020019b74      0x278 ./USB_DEVICE/Target/usbd_conf.o
 *(COMMON)
                0x0000000020019dec                . = ALIGN (0x4)
                0x0000000020019dec                _ebss = .
                0x0000000020019dec                __bss_end__ = _ebss

._user_heap_stack
                0x0000000020019dec      0x604 load address 0x00000000080088f8
                0x0000000020019df0                . = ALIGN (0x8)
 *fill*         0x0000000020019dec        0x4 
                [!provide]                        PROVIDE (end = .)
                0x0000000020019df0                PROVIDE (_end = .)
                0x0000000020019ff0                . = (. + _Min_Heap_Size)
 *fill*         0x0000000020019df0      0x200 
                0x000000002001a3f0                . = (. + _Min_Stack_Size)
 *fill*         0x0000000020019ff0      0x400 
                0x000000002001a3f0                . = ALIGN (0x8)

/DISCARD/
 libc.a(*)
 libm.a(*)
 libgcc.a(*)

.ARM.attributes
                0x0000000000000000       0x30
 *(.ARM.attributes)
 .ARM.attributes
                0x0000000000000000       0x1e d:/stm32cubeide_1.11.2/stm32cubeide/plugins/com.st.stm32cube.ide.mcu.externaltools.gnu-tools-for-stm32.10.3-2021.10.win32_1.0.100.202210260954/tools/bin/../lib/gcc/arm-none-eabi/10.3.1/thumb/v7e-m+fp/hard/crti.o
 .ARM.attributes
                0x000000000000001e       0x34 d:/stm32cubeide_1.11.2/stm32cubeide/plugins/com.st.stm32cube.ide.mcu.externaltools.gnu-tools-for-stm32.10.3-2021.10.win32_1.0.100.202210260954/tools/bin/../lib/gcc/arm-none-eabi/10.3.1/thumb/v7e-m+fp/hard/crtbegin.o
 .ARM.attributes
                0x0000000000000052       0x34 ./Core/Src/main.o
 .ARM.attributes
                0x0000000000000086       0x34 ./Core/Src/stm32l4xx_hal_msp.o
 .ARM.attributes
                0x00000000000000ba       0x34 ./Core/Src/stm32l4xx_it.o
 .ARM.attributes
                0x00000000000000ee       0x34 ./Core/Src/system_stm32l4xx.o
 .ARM.attributes
                0x0000000000000122       0x21 ./Core/Startup/startup_stm32l476vgtx.o
 .ARM.attributes
                0x0000000000000143       0x34 ./Drivers/STM32L4xx_HAL_Driver/Src/stm32l4xx_hal.o
 .ARM.attributes
                0x0000000000000177       0x34 ./Drivers/STM32L4xx_HAL_Driver/Src/stm32l4xx_hal_cortex.o
 .ARM.attributes
                0x00000000000001ab       0x34 ./Drivers/STM32L4xx_HAL_Driver/Src/stm32l4xx_hal_gpio.o
 .ARM.attributes
                0x00000000000001df       0x34 ./Drivers/STM32L4xx_HAL_Driver/Src/stm32l4xx_hal_pcd.o
 .ARM.attributes
                0x0000000000000213       0x34 ./Drivers/STM32L4xx_HAL_Driver/Src/stm32l4xx_hal_pcd_ex.o
 .ARM.attributes
                0x0000000000000247       0x34 ./Drivers/STM32L4xx_HAL_Driver/Src/stm32l4xx_hal_pwr_ex.o
 .ARM.attributes
                0x000000000000027b       0x34 ./Drivers/STM32L4xx_HAL_Driver/Src/stm32l4xx_hal_rcc.o
 .ARM.attributes
                0x00000000000002af       0x34 ./Drivers/STM32L4xx_HAL_Driver/Src/stm32l4xx_hal_rcc_ex.o
 .ARM.attributes
                0x00000000000002e3       0x34 ./Drivers/STM32L4xx_HAL_Driver/Src/stm32l4xx_ll_usb.o
 .ARM.attributes
                0x0000000000000317       0x34 ./Middlewares/ST/STM32_USB_Device_Library/Class/MSC/Src/usbd_msc.o
 .ARM.attributes
                0x000000000000034b       0x34 ./Middlewares/ST/STM32_USB_Device_Library/Class/MSC/Src/usbd_msc_bot.o
 .ARM.attributes
                0x000000000000037f       0x34 ./Middlewares/ST/STM32_USB_Device_Library/Class/MSC/Src/usbd_msc_data.o
 .ARM.attributes
                0x00000000000003b3       0x34 ./Middlewares/ST/STM32_USB_Device_Library/Class/MSC/Src/usbd_msc_scsi.o
 .ARM.attributes
                0x00000000000003e7       0x34 ./Middlewares/ST/STM32_USB_Device_Library/Core/Src/usbd_core.o
 .ARM.attributes
                0x000000000000041b       0x34 ./Middlewares/ST/STM32_USB_Device_Library/Core/Src/usbd_ctlreq.o
 .ARM.attributes
                0x000000000000044f       0x34 ./Middlewares/ST/STM32_USB_Device_Library/Core/Src/usbd_ioreq.o
 .ARM.attributes
                0x0000000000000483       0x34 ./USB_DEVICE/App/usb_device.o
 .ARM.attributes
                0x00000000000004b7       0x34 ./USB_DEVICE/App/usbd_desc.o
 .ARM.attributes
                0x00000000000004eb       0x34 ./USB_DEVICE/App/usbd_storage_if.o
 .ARM.attributes
                0x000000000000051f       0x34 ./USB_DEVICE/Target/usbd_conf.o
 .ARM.attributes
                0x0000000000000553       0x34 d:/stm32cubeide_1.11.2/stm32cubeide/plugins/com.st.stm32cube.ide.mcu.externaltools.gnu-tools-for-stm32.10.3-2021.10.win32_1.0.100.202210260954/tools/bin/../lib/gcc/arm-none-eabi/10.3.1/../../../../arm-none-eabi/lib/thumb/v7e-m+fp/hard\libc_nano.a(lib_a-init.o)
 .ARM.attributes
                0x0000000000000587       0x34 d:/stm32cubeide_1.11.2/stm32cubeide/plugins/com.st.stm32cube.ide.mcu.externaltools.gnu-tools-for-stm32.10.3-2021.10.win32_1.0.100.202210260954/tools/bin/../lib/gcc/arm-none-eabi/10.3.1/../../../../arm-none-eabi/lib/thumb/v7e-m+fp/hard\libc_nano.a(lib_a-memcpy-stub.o)
 .ARM.attributes
                0x00000000000005bb       0x34 d:/stm32cubeide_1.11.2/stm32cubeide/plugins/com.st.stm32cube.ide.mcu.externaltools.gnu-tools-for-stm32.10.3-2021.10.win32_1.0.100.202210260954/tools/bin/../lib/gcc/arm-none-eabi/10.3.1/../../../../arm-none-eabi/lib/thumb/v7e-m+fp/hard\libc_nano.a(lib_a-memset.o)
 .ARM.attributes
                0x00000000000005ef       0x1e d:/stm32cubeide_1.11.2/stm32cubeide/plugins/com.st.stm32cube.ide.mcu.externaltools.gnu-tools-for-stm32.10.3-2021.10.win32_1.0.100.202210260954/tools/bin/../lib/gcc/arm-none-eabi/10.3.1/thumb/v7e-m+fp/hard/crtn.o
OUTPUT(USB_MSC.elf elf32-littlearm)
LOAD linker stubs
LOAD d:/stm32cubeide_1.11.2/stm32cubeide/plugins/com.st.stm32cube.ide.mcu.externaltools.gnu-tools-for-stm32.10.3-2021.10.win32_1.0.100.202210260954/tools/bin/../lib/gcc/arm-none-eabi/10.3.1/../../../../arm-none-eabi/lib/thumb/v7e-m+fp/hard\libc.a
LOAD d:/stm32cubeide_1.11.2/stm32cubeide/plugins/com.st.stm32cube.ide.mcu.externaltools.gnu-tools-for-stm32.10.3-2021.10.win32_1.0.100.202210260954/tools/bin/../lib/gcc/arm-none-eabi/10.3.1/../../../../arm-none-eabi/lib/thumb/v7e-m+fp/hard\libm.a
LOAD d:/stm32cubeide_1.11.2/stm32cubeide/plugins/com.st.stm32cube.ide.mcu.externaltools.gnu-tools-for-stm32.10.3-2021.10.win32_1.0.100.202210260954/tools/bin/../lib/gcc/arm-none-eabi/10.3.1/thumb/v7e-m+fp/hard\libgcc.a

.debug_info     0x0000000000000000    0x113fa
 .debug_info    0x0000000000000000      0x59b ./Core/Src/main.o
 .debug_info    0x000000000000059b      0x308 ./Core/Src/stm32l4xx_hal_msp.o
 .debug_info    0x00000000000008a3      0x6cf ./Core/Src/stm32l4xx_it.o
 .debug_info    0x0000000000000f72      0x5c6 ./Core/Src/system_stm32l4xx.o
 .debug_info    0x0000000000001538       0x22 ./Core/Startup/startup_stm32l476vgtx.o
 .debug_info    0x000000000000155a      0xc57 ./Drivers/STM32L4xx_HAL_Driver/Src/stm32l4xx_hal.o
 .debug_info    0x00000000000021b1      0xe21 ./Drivers/STM32L4xx_HAL_Driver/Src/stm32l4xx_hal_cortex.o
 .debug_info    0x0000000000002fd2      0x821 ./Drivers/STM32L4xx_HAL_Driver/Src/stm32l4xx_hal_gpio.o
 .debug_info    0x00000000000037f3     0x1609 ./Drivers/STM32L4xx_HAL_Driver/Src/stm32l4xx_hal_pcd.o
 .debug_info    0x0000000000004dfc      0x8e6 ./Drivers/STM32L4xx_HAL_Driver/Src/stm32l4xx_hal_pcd_ex.o
 .debug_info    0x00000000000056e2      0x9f0 ./Drivers/STM32L4xx_HAL_Driver/Src/stm32l4xx_hal_pwr_ex.o
 .debug_info    0x00000000000060d2      0xced ./Drivers/STM32L4xx_HAL_Driver/Src/stm32l4xx_hal_rcc.o
 .debug_info    0x0000000000006dbf      0xe92 ./Drivers/STM32L4xx_HAL_Driver/Src/stm32l4xx_hal_rcc_ex.o
 .debug_info    0x0000000000007c51     0x1ac6 ./Drivers/STM32L4xx_HAL_Driver/Src/stm32l4xx_ll_usb.o
 .debug_info    0x0000000000009717      0xd32 ./Middlewares/ST/STM32_USB_Device_Library/Class/MSC/Src/usbd_msc.o
 .debug_info    0x000000000000a449      0xc9b ./Middlewares/ST/STM32_USB_Device_Library/Class/MSC/Src/usbd_msc_bot.o
 .debug_info    0x000000000000b0e4      0x136 ./Middlewares/ST/STM32_USB_Device_Library/Class/MSC/Src/usbd_msc_data.o
 .debug_info    0x000000000000b21a     0x1272 ./Middlewares/ST/STM32_USB_Device_Library/Class/MSC/Src/usbd_msc_scsi.o
 .debug_info    0x000000000000c48c      0xbcd ./Middlewares/ST/STM32_USB_Device_Library/Core/Src/usbd_core.o
 .debug_info    0x000000000000d059      0xae0 ./Middlewares/ST/STM32_USB_Device_Library/Core/Src/usbd_ctlreq.o
 .debug_info    0x000000000000db39      0x78f ./Middlewares/ST/STM32_USB_Device_Library/Core/Src/usbd_ioreq.o
 .debug_info    0x000000000000e2c8      0x74c ./USB_DEVICE/App/usb_device.o
 .debug_info    0x000000000000ea14      0x503 ./USB_DEVICE/App/usbd_desc.o
 .debug_info    0x000000000000ef17      0x429 ./USB_DEVICE/App/usbd_storage_if.o
 .debug_info    0x000000000000f340     0x20ba ./USB_DEVICE/Target/usbd_conf.o

.debug_abbrev   0x0000000000000000     0x32b6
 .debug_abbrev  0x0000000000000000      0x1d4 ./Core/Src/main.o
 .debug_abbrev  0x00000000000001d4       0xc2 ./Core/Src/stm32l4xx_hal_msp.o
 .debug_abbrev  0x0000000000000296      0x199 ./Core/Src/stm32l4xx_it.o
 .debug_abbrev  0x000000000000042f      0x116 ./Core/Src/system_stm32l4xx.o
 .debug_abbrev  0x0000000000000545       0x12 ./Core/Startup/startup_stm32l476vgtx.o
 .debug_abbrev  0x0000000000000557      0x23a ./Drivers/STM32L4xx_HAL_Driver/Src/stm32l4xx_hal.o
 .debug_abbrev  0x0000000000000791      0x316 ./Drivers/STM32L4xx_HAL_Driver/Src/stm32l4xx_hal_cortex.o
 .debug_abbrev  0x0000000000000aa7      0x1bb ./Drivers/STM32L4xx_HAL_Driver/Src/stm32l4xx_hal_gpio.o
 .debug_abbrev  0x0000000000000c62      0x2b4 ./Drivers/STM32L4xx_HAL_Driver/Src/stm32l4xx_hal_pcd.o
 .debug_abbrev  0x0000000000000f16      0x24a ./Drivers/STM32L4xx_HAL_Driver/Src/stm32l4xx_hal_pcd_ex.o
 .debug_abbrev  0x0000000000001160      0x1f3 ./Drivers/STM32L4xx_HAL_Driver/Src/stm32l4xx_hal_pwr_ex.o
 .debug_abbrev  0x0000000000001353      0x2bd ./Drivers/STM32L4xx_HAL_Driver/Src/stm32l4xx_hal_rcc.o
 .debug_abbrev  0x0000000000001610      0x299 ./Drivers/STM32L4xx_HAL_Driver/Src/stm32l4xx_hal_rcc_ex.o
 .debug_abbrev  0x00000000000018a9      0x296 ./Drivers/STM32L4xx_HAL_Driver/Src/stm32l4xx_ll_usb.o
 .debug_abbrev  0x0000000000001b3f      0x2b9 ./Middlewares/ST/STM32_USB_Device_Library/Class/MSC/Src/usbd_msc.o
 .debug_abbrev  0x0000000000001df8      0x2ca ./Middlewares/ST/STM32_USB_Device_Library/Class/MSC/Src/usbd_msc_bot.o
 .debug_abbrev  0x00000000000020c2       0x6c ./Middlewares/ST/STM32_USB_Device_Library/Class/MSC/Src/usbd_msc_data.o
 .debug_abbrev  0x000000000000212e      0x2fa ./Middlewares/ST/STM32_USB_Device_Library/Class/MSC/Src/usbd_msc_scsi.o
 .debug_abbrev  0x0000000000002428      0x23d ./Middlewares/ST/STM32_USB_Device_Library/Core/Src/usbd_core.o
 .debug_abbrev  0x0000000000002665      0x26d ./Middlewares/ST/STM32_USB_Device_Library/Core/Src/usbd_ctlreq.o
 .debug_abbrev  0x00000000000028d2      0x19b ./Middlewares/ST/STM32_USB_Device_Library/Core/Src/usbd_ioreq.o
 .debug_abbrev  0x0000000000002a6d      0x19b ./USB_DEVICE/App/usb_device.o
 .debug_abbrev  0x0000000000002c08      0x1da ./USB_DEVICE/App/usbd_desc.o
 .debug_abbrev  0x0000000000002de2      0x1a6 ./USB_DEVICE/App/usbd_storage_if.o
 .debug_abbrev  0x0000000000002f88      0x32e ./USB_DEVICE/Target/usbd_conf.o

.debug_aranges  0x0000000000000000      0xec8
 .debug_aranges
                0x0000000000000000       0x38 ./Core/Src/main.o
 .debug_aranges
                0x0000000000000038       0x20 ./Core/Src/stm32l4xx_hal_msp.o
 .debug_aranges
                0x0000000000000058       0x68 ./Core/Src/stm32l4xx_it.o
 .debug_aranges
                0x00000000000000c0       0x28 ./Core/Src/system_stm32l4xx.o
 .debug_aranges
                0x00000000000000e8       0x28 ./Core/Startup/startup_stm32l476vgtx.o
 .debug_aranges
                0x0000000000000110      0x130 ./Drivers/STM32L4xx_HAL_Driver/Src/stm32l4xx_hal.o
 .debug_aranges
                0x0000000000000240      0x118 ./Drivers/STM32L4xx_HAL_Driver/Src/stm32l4xx_hal_cortex.o
 .debug_aranges
                0x0000000000000358       0x58 ./Drivers/STM32L4xx_HAL_Driver/Src/stm32l4xx_hal_gpio.o
 .debug_aranges
                0x00000000000003b0      0x138 ./Drivers/STM32L4xx_HAL_Driver/Src/stm32l4xx_hal_pcd.o
 .debug_aranges
                0x00000000000004e8       0x60 ./Drivers/STM32L4xx_HAL_Driver/Src/stm32l4xx_hal_pcd_ex.o
 .debug_aranges
                0x0000000000000548      0x160 ./Drivers/STM32L4xx_HAL_Driver/Src/stm32l4xx_hal_pwr_ex.o
 .debug_aranges
                0x00000000000006a8       0x90 ./Drivers/STM32L4xx_HAL_Driver/Src/stm32l4xx_hal_rcc.o
 .debug_aranges
                0x0000000000000738       0xc0 ./Drivers/STM32L4xx_HAL_Driver/Src/stm32l4xx_hal_rcc_ex.o
 .debug_aranges
                0x00000000000007f8      0x1a0 ./Drivers/STM32L4xx_HAL_Driver/Src/stm32l4xx_ll_usb.o
 .debug_aranges
                0x0000000000000998       0x68 ./Middlewares/ST/STM32_USB_Device_Library/Class/MSC/Src/usbd_msc.o
 .debug_aranges
                0x0000000000000a00       0x68 ./Middlewares/ST/STM32_USB_Device_Library/Class/MSC/Src/usbd_msc_bot.o
 .debug_aranges
                0x0000000000000a68       0x18 ./Middlewares/ST/STM32_USB_Device_Library/Class/MSC/Src/usbd_msc_data.o
 .debug_aranges
                0x0000000000000a80       0xc0 ./Middlewares/ST/STM32_USB_Device_Library/Class/MSC/Src/usbd_msc_scsi.o
 .debug_aranges
                0x0000000000000b40       0xb8 ./Middlewares/ST/STM32_USB_Device_Library/Core/Src/usbd_core.o
 .debug_aranges
                0x0000000000000bf8       0x90 ./Middlewares/ST/STM32_USB_Device_Library/Core/Src/usbd_ctlreq.o
 .debug_aranges
                0x0000000000000c88       0x50 ./Middlewares/ST/STM32_USB_Device_Library/Core/Src/usbd_ioreq.o
 .debug_aranges
                0x0000000000000cd8       0x20 ./USB_DEVICE/App/usb_device.o
 .debug_aranges
                0x0000000000000cf8       0x68 ./USB_DEVICE/App/usbd_desc.o
 .debug_aranges
                0x0000000000000d60       0x50 ./USB_DEVICE/App/usbd_storage_if.o
 .debug_aranges
                0x0000000000000db0      0x118 ./USB_DEVICE/Target/usbd_conf.o

.debug_ranges   0x0000000000000000      0xd38
 .debug_ranges  0x0000000000000000       0x28 ./Core/Src/main.o
 .debug_ranges  0x0000000000000028       0x10 ./Core/Src/stm32l4xx_hal_msp.o
 .debug_ranges  0x0000000000000038       0x58 ./Core/Src/stm32l4xx_it.o
 .debug_ranges  0x0000000000000090       0x18 ./Core/Src/system_stm32l4xx.o
 .debug_ranges  0x00000000000000a8       0x20 ./Core/Startup/startup_stm32l476vgtx.o
 .debug_ranges  0x00000000000000c8      0x120 ./Drivers/STM32L4xx_HAL_Driver/Src/stm32l4xx_hal.o
 .debug_ranges  0x00000000000001e8      0x108 ./Drivers/STM32L4xx_HAL_Driver/Src/stm32l4xx_hal_cortex.o
 .debug_ranges  0x00000000000002f0       0x48 ./Drivers/STM32L4xx_HAL_Driver/Src/stm32l4xx_hal_gpio.o
 .debug_ranges  0x0000000000000338      0x128 ./Drivers/STM32L4xx_HAL_Driver/Src/stm32l4xx_hal_pcd.o
 .debug_ranges  0x0000000000000460       0x50 ./Drivers/STM32L4xx_HAL_Driver/Src/stm32l4xx_hal_pcd_ex.o
 .debug_ranges  0x00000000000004b0      0x150 ./Drivers/STM32L4xx_HAL_Driver/Src/stm32l4xx_hal_pwr_ex.o
 .debug_ranges  0x0000000000000600       0x80 ./Drivers/STM32L4xx_HAL_Driver/Src/stm32l4xx_hal_rcc.o
 .debug_ranges  0x0000000000000680       0xb0 ./Drivers/STM32L4xx_HAL_Driver/Src/stm32l4xx_hal_rcc_ex.o
 .debug_ranges  0x0000000000000730      0x190 ./Drivers/STM32L4xx_HAL_Driver/Src/stm32l4xx_ll_usb.o
 .debug_ranges  0x00000000000008c0       0x58 ./Middlewares/ST/STM32_USB_Device_Library/Class/MSC/Src/usbd_msc.o
 .debug_ranges  0x0000000000000918       0x58 ./Middlewares/ST/STM32_USB_Device_Library/Class/MSC/Src/usbd_msc_bot.o
 .debug_ranges  0x0000000000000970       0xb0 ./Middlewares/ST/STM32_USB_Device_Library/Class/MSC/Src/usbd_msc_scsi.o
 .debug_ranges  0x0000000000000a20       0xa8 ./Middlewares/ST/STM32_USB_Device_Library/Core/Src/usbd_core.o
 .debug_ranges  0x0000000000000ac8       0x80 ./Middlewares/ST/STM32_USB_Device_Library/Core/Src/usbd_ctlreq.o
 .debug_ranges  0x0000000000000b48       0x40 ./Middlewares/ST/STM32_USB_Device_Library/Core/Src/usbd_ioreq.o
 .debug_ranges  0x0000000000000b88       0x10 ./USB_DEVICE/App/usb_device.o
 .debug_ranges  0x0000000000000b98       0x58 ./USB_DEVICE/App/usbd_desc.o
 .debug_ranges  0x0000000000000bf0       0x40 ./USB_DEVICE/App/usbd_storage_if.o
 .debug_ranges  0x0000000000000c30      0x108 ./USB_DEVICE/Target/usbd_conf.o

.debug_macro    0x0000000000000000    0x2948f
 .debug_macro   0x0000000000000000      0x3ca ./Core/Src/main.o
 .debug_macro   0x00000000000003ca      0xa78 ./Core/Src/main.o
 .debug_macro   0x0000000000000e42      0x1a7 ./Core/Src/main.o
 .debug_macro   0x0000000000000fe9       0x2e ./Core/Src/main.o
 .debug_macro   0x0000000000001017       0x28 ./Core/Src/main.o
 .debug_macro   0x000000000000103f       0x22 ./Core/Src/main.o
 .debug_macro   0x0000000000001061       0x8e ./Core/Src/main.o
 .debug_macro   0x00000000000010ef       0x51 ./Core/Src/main.o
 .debug_macro   0x0000000000001140      0x103 ./Core/Src/main.o
 .debug_macro   0x0000000000001243       0x6a ./Core/Src/main.o
 .debug_macro   0x00000000000012ad      0x1df ./Core/Src/main.o
 .debug_macro   0x000000000000148c       0x1c ./Core/Src/main.o
 .debug_macro   0x00000000000014a8       0x22 ./Core/Src/main.o
 .debug_macro   0x00000000000014ca       0xfb ./Core/Src/main.o
 .debug_macro   0x00000000000015c5     0x1011 ./Core/Src/main.o
 .debug_macro   0x00000000000025d6      0x11f ./Core/Src/main.o
 .debug_macro   0x00000000000026f5    0x1a17a ./Core/Src/main.o
 .debug_macro   0x000000000001c86f       0x6d ./Core/Src/main.o
 .debug_macro   0x000000000001c8dc     0x38e6 ./Core/Src/main.o
 .debug_macro   0x00000000000201c2      0x174 ./Core/Src/main.o
 .debug_macro   0x0000000000020336       0x5c ./Core/Src/main.o
 .debug_macro   0x0000000000020392     0x159e ./Core/Src/main.o
 .debug_macro   0x0000000000021930      0x5a5 ./Core/Src/main.o
 .debug_macro   0x0000000000021ed5      0x1b9 ./Core/Src/main.o
 .debug_macro   0x000000000002208e      0x18b ./Core/Src/main.o
 .debug_macro   0x0000000000022219      0x26b ./Core/Src/main.o
 .debug_macro   0x0000000000022484      0x23d ./Core/Src/main.o
 .debug_macro   0x00000000000226c1      0x241 ./Core/Src/main.o
 .debug_macro   0x0000000000022902      0x37c ./Core/Src/main.o
 .debug_macro   0x0000000000022c7e       0xd6 ./Core/Src/main.o
 .debug_macro   0x0000000000022d54      0x22c ./Core/Src/main.o
 .debug_macro   0x0000000000022f80       0x61 ./Core/Src/main.o
 .debug_macro   0x0000000000022fe1       0xa5 ./Core/Src/main.o
 .debug_macro   0x0000000000023086      0x1f4 ./Core/Src/main.o
 .debug_macro   0x000000000002327a       0x97 ./Core/Src/main.o
 .debug_macro   0x0000000000023311      0x122 ./Core/Src/main.o
 .debug_macro   0x0000000000023433      0x3ef ./Core/Src/main.o
 .debug_macro   0x0000000000023822      0x330 ./Core/Src/main.o
 .debug_macro   0x0000000000023b52       0x52 ./Core/Src/main.o
 .debug_macro   0x0000000000023ba4       0x1e ./Core/Src/main.o
 .debug_macro   0x0000000000023bc2       0x3c ./Core/Src/main.o
 .debug_macro   0x0000000000023bfe       0x34 ./Core/Src/main.o
 .debug_macro   0x0000000000023c32       0x16 ./Core/Src/main.o
 .debug_macro   0x0000000000023c48       0x35 ./Core/Src/main.o
 .debug_macro   0x0000000000023c7d      0x341 ./Core/Src/main.o
 .debug_macro   0x0000000000023fbe       0x10 ./Core/Src/main.o
 .debug_macro   0x0000000000023fce       0x16 ./Core/Src/main.o
 .debug_macro   0x0000000000023fe4       0x43 ./Core/Src/main.o
 .debug_macro   0x0000000000024027       0x34 ./Core/Src/main.o
 .debug_macro   0x000000000002405b       0x10 ./Core/Src/main.o
 .debug_macro   0x000000000002406b       0x58 ./Core/Src/main.o
 .debug_macro   0x00000000000240c3       0x71 ./Core/Src/main.o
 .debug_macro   0x0000000000024134       0x1c ./Core/Src/main.o
 .debug_macro   0x0000000000024150      0x12a ./Core/Src/main.o
 .debug_macro   0x000000000002427a       0x10 ./Core/Src/main.o
 .debug_macro   0x000000000002428a       0x1c ./Core/Src/main.o
 .debug_macro   0x00000000000242a6       0x52 ./Core/Src/main.o
 .debug_macro   0x00000000000242f8       0x22 ./Core/Src/main.o
 .debug_macro   0x000000000002431a       0x10 ./Core/Src/main.o
 .debug_macro   0x000000000002432a       0x52 ./Core/Src/main.o
 .debug_macro   0x000000000002437c       0xd5 ./Core/Src/main.o
 .debug_macro   0x0000000000024451       0x1c ./Core/Src/main.o
 .debug_macro   0x000000000002446d       0x3d ./Core/Src/main.o
 .debug_macro   0x00000000000244aa       0x16 ./Core/Src/main.o
 .debug_macro   0x00000000000244c0      0x145 ./Core/Src/main.o
 .debug_macro   0x0000000000024605       0x16 ./Core/Src/main.o
 .debug_macro   0x000000000002461b       0x16 ./Core/Src/main.o
 .debug_macro   0x0000000000024631       0x29 ./Core/Src/main.o
 .debug_macro   0x000000000002465a       0x16 ./Core/Src/main.o
 .debug_macro   0x0000000000024670       0x20 ./Core/Src/main.o
 .debug_macro   0x0000000000024690       0x65 ./Core/Src/main.o
 .debug_macro   0x00000000000246f5      0x1ef ./Core/Src/main.o
 .debug_macro   0x00000000000248e4      0x1df ./Core/Src/stm32l4xx_hal_msp.o
 .debug_macro   0x0000000000024ac3      0x1e9 ./Core/Src/stm32l4xx_it.o
 .debug_macro   0x0000000000024cac      0x1d5 ./Core/Src/system_stm32l4xx.o
 .debug_macro   0x0000000000024e81      0x223 ./Drivers/STM32L4xx_HAL_Driver/Src/stm32l4xx_hal.o
 .debug_macro   0x00000000000250a4      0x1d5 ./Drivers/STM32L4xx_HAL_Driver/Src/stm32l4xx_hal_cortex.o
 .debug_macro   0x0000000000025279      0x1dc ./Drivers/STM32L4xx_HAL_Driver/Src/stm32l4xx_hal_gpio.o
 .debug_macro   0x0000000000025455      0x1e1 ./Drivers/STM32L4xx_HAL_Driver/Src/stm32l4xx_hal_pcd.o
 .debug_macro   0x0000000000025636      0x1d5 ./Drivers/STM32L4xx_HAL_Driver/Src/stm32l4xx_hal_pcd_ex.o
 .debug_macro   0x000000000002580b      0x1f9 ./Drivers/STM32L4xx_HAL_Driver/Src/stm32l4xx_hal_pwr_ex.o
 .debug_macro   0x0000000000025a04      0x217 ./Drivers/STM32L4xx_HAL_Driver/Src/stm32l4xx_hal_rcc.o
 .debug_macro   0x0000000000025c1b      0x20b ./Drivers/STM32L4xx_HAL_Driver/Src/stm32l4xx_hal_rcc_ex.o
 .debug_macro   0x0000000000025e26      0x1d5 ./Drivers/STM32L4xx_HAL_Driver/Src/stm32l4xx_ll_usb.o
 .debug_macro   0x0000000000025ffb      0x411 ./Middlewares/ST/STM32_USB_Device_Library/Class/MSC/Src/usbd_msc.o
 .debug_macro   0x000000000002640c       0x97 ./Middlewares/ST/STM32_USB_Device_Library/Class/MSC/Src/usbd_msc.o
 .debug_macro   0x00000000000264a3       0xfd ./Middlewares/ST/STM32_USB_Device_Library/Class/MSC/Src/usbd_msc.o
 .debug_macro   0x00000000000265a0       0x56 ./Middlewares/ST/STM32_USB_Device_Library/Class/MSC/Src/usbd_msc.o
 .debug_macro   0x00000000000265f6      0x1f5 ./Middlewares/ST/STM32_USB_Device_Library/Class/MSC/Src/usbd_msc.o
 .debug_macro   0x00000000000267eb       0x7c ./Middlewares/ST/STM32_USB_Device_Library/Class/MSC/Src/usbd_msc.o
 .debug_macro   0x0000000000026867      0x160 ./Middlewares/ST/STM32_USB_Device_Library/Class/MSC/Src/usbd_msc.o
 .debug_macro   0x00000000000269c7       0x34 ./Middlewares/ST/STM32_USB_Device_Library/Class/MSC/Src/usbd_msc.o
 .debug_macro   0x00000000000269fb      0x419 ./Middlewares/ST/STM32_USB_Device_Library/Class/MSC/Src/usbd_msc_bot.o
 .debug_macro   0x0000000000026e14      0x3ba ./Middlewares/ST/STM32_USB_Device_Library/Class/MSC/Src/usbd_msc_data.o
 .debug_macro   0x00000000000271ce       0x22 ./Middlewares/ST/STM32_USB_Device_Library/Class/MSC/Src/usbd_msc_data.o
 .debug_macro   0x00000000000271f0      0x422 ./Middlewares/ST/STM32_USB_Device_Library/Class/MSC/Src/usbd_msc_scsi.o
 .debug_macro   0x0000000000027612       0x28 ./Middlewares/ST/STM32_USB_Device_Library/Class/MSC/Src/usbd_msc_scsi.o
 .debug_macro   0x000000000002763a      0x3dc ./Middlewares/ST/STM32_USB_Device_Library/Core/Src/usbd_core.o
 .debug_macro   0x0000000000027a16      0x3e6 ./Middlewares/ST/STM32_USB_Device_Library/Core/Src/usbd_ctlreq.o
 .debug_macro   0x0000000000027dfc      0x3e2 ./Middlewares/ST/STM32_USB_Device_Library/Core/Src/usbd_ioreq.o
 .debug_macro   0x00000000000281de      0x42e ./USB_DEVICE/App/usb_device.o
 .debug_macro   0x000000000002860c       0x22 ./USB_DEVICE/App/usb_device.o
 .debug_macro   0x000000000002862e       0x82 ./USB_DEVICE/App/usb_device.o
 .debug_macro   0x00000000000286b0      0x166 ./USB_DEVICE/App/usb_device.o
 .debug_macro   0x0000000000028816      0x41f ./USB_DEVICE/App/usbd_desc.o
 .debug_macro   0x0000000000028c35       0x1c ./USB_DEVICE/App/usbd_desc.o
 .debug_macro   0x0000000000028c51      0x42d ./USB_DEVICE/App/usbd_storage_if.o
 .debug_macro   0x000000000002907e      0x411 ./USB_DEVICE/Target/usbd_conf.o

.debug_line     0x0000000000000000    0x13818
 .debug_line    0x0000000000000000      0xa1b ./Core/Src/main.o
 .debug_line    0x0000000000000a1b      0x6cc ./Core/Src/stm32l4xx_hal_msp.o
 .debug_line    0x00000000000010e7      0x7a7 ./Core/Src/stm32l4xx_it.o
 .debug_line    0x000000000000188e      0x764 ./Core/Src/system_stm32l4xx.o
 .debug_line    0x0000000000001ff2       0x88 ./Core/Startup/startup_stm32l476vgtx.o
 .debug_line    0x000000000000207a      0xabd ./Drivers/STM32L4xx_HAL_Driver/Src/stm32l4xx_hal.o
 .debug_line    0x0000000000002b37      0xc63 ./Drivers/STM32L4xx_HAL_Driver/Src/stm32l4xx_hal_cortex.o
 .debug_line    0x000000000000379a      0xb30 ./Drivers/STM32L4xx_HAL_Driver/Src/stm32l4xx_hal_gpio.o
 .debug_line    0x00000000000042ca     0x12de ./Drivers/STM32L4xx_HAL_Driver/Src/stm32l4xx_hal_pcd.o
 .debug_line    0x00000000000055a8      0x89c ./Drivers/STM32L4xx_HAL_Driver/Src/stm32l4xx_hal_pcd_ex.o
 .debug_line    0x0000000000005e44      0xcb4 ./Drivers/STM32L4xx_HAL_Driver/Src/stm32l4xx_hal_pwr_ex.o
 .debug_line    0x0000000000006af8      0xf36 ./Drivers/STM32L4xx_HAL_Driver/Src/stm32l4xx_hal_rcc.o
 .debug_line    0x0000000000007a2e     0x1475 ./Drivers/STM32L4xx_HAL_Driver/Src/stm32l4xx_hal_rcc_ex.o
 .debug_line    0x0000000000008ea3     0x1911 ./Drivers/STM32L4xx_HAL_Driver/Src/stm32l4xx_ll_usb.o
 .debug_line    0x000000000000a7b4      0xc88 ./Middlewares/ST/STM32_USB_Device_Library/Class/MSC/Src/usbd_msc.o
 .debug_line    0x000000000000b43c      0xccf ./Middlewares/ST/STM32_USB_Device_Library/Class/MSC/Src/usbd_msc_bot.o
 .debug_line    0x000000000000c10b      0x980 ./Middlewares/ST/STM32_USB_Device_Library/Class/MSC/Src/usbd_msc_data.o
 .debug_line    0x000000000000ca8b     0x143a ./Middlewares/ST/STM32_USB_Device_Library/Class/MSC/Src/usbd_msc_scsi.o
 .debug_line    0x000000000000dec5      0xe19 ./Middlewares/ST/STM32_USB_Device_Library/Core/Src/usbd_core.o
 .debug_line    0x000000000000ecde     0x10b9 ./Middlewares/ST/STM32_USB_Device_Library/Core/Src/usbd_ctlreq.o
 .debug_line    0x000000000000fd97      0xa70 ./Middlewares/ST/STM32_USB_Device_Library/Core/Src/usbd_ioreq.o
 .debug_line    0x0000000000010807      0xa55 ./USB_DEVICE/App/usb_device.o
 .debug_line    0x000000000001125c      0xb10 ./USB_DEVICE/App/usbd_desc.o
 .debug_line    0x0000000000011d6c      0xac6 ./USB_DEVICE/App/usbd_storage_if.o
 .debug_line    0x0000000000012832      0xfe6 ./USB_DEVICE/Target/usbd_conf.o

.debug_str      0x0000000000000000    0xe8911
 .debug_str     0x0000000000000000    0xe39b9 ./Core/Src/main.o
                                      0xe3cb6 (size before relaxing)
 .debug_str     0x00000000000e39b9       0x2c ./Core/Src/stm32l4xx_hal_msp.o
                                      0xdf207 (size before relaxing)
 .debug_str     0x00000000000e39e5      0x4de ./Core/Src/stm32l4xx_it.o
                                      0xdf5a1 (size before relaxing)
 .debug_str     0x00000000000e3ec3       0xf2 ./Core/Src/system_stm32l4xx.o
                                      0xdf2ce (size before relaxing)
 .debug_str     0x00000000000e3fb5       0x36 ./Core/Startup/startup_stm32l476vgtx.o
                                         0x60 (size before relaxing)
 .debug_str     0x00000000000e3feb      0xb05 ./Drivers/STM32L4xx_HAL_Driver/Src/stm32l4xx_hal.o
                                      0xdfecd (size before relaxing)
 .debug_str     0x00000000000e4af0      0x350 ./Drivers/STM32L4xx_HAL_Driver/Src/stm32l4xx_hal_cortex.o
                                      0xdfb15 (size before relaxing)
 .debug_str     0x00000000000e4e40      0x1d9 ./Drivers/STM32L4xx_HAL_Driver/Src/stm32l4xx_hal_gpio.o
                                      0xdf447 (size before relaxing)
 .debug_str     0x00000000000e5019      0x81b ./Drivers/STM32L4xx_HAL_Driver/Src/stm32l4xx_hal_pcd.o
                                      0xdfd43 (size before relaxing)
 .debug_str     0x00000000000e5834      0x174 ./Drivers/STM32L4xx_HAL_Driver/Src/stm32l4xx_hal_pcd_ex.o
                                      0xdf700 (size before relaxing)
 .debug_str     0x00000000000e59a8      0x4e3 ./Drivers/STM32L4xx_HAL_Driver/Src/stm32l4xx_hal_pwr_ex.o
                                      0xdf829 (size before relaxing)
 .debug_str     0x00000000000e5e8b      0x341 ./Drivers/STM32L4xx_HAL_Driver/Src/stm32l4xx_hal_rcc.o
                                      0xdf914 (size before relaxing)
 .debug_str     0x00000000000e61cc      0x633 ./Drivers/STM32L4xx_HAL_Driver/Src/stm32l4xx_hal_rcc_ex.o
                                      0xdfa8d (size before relaxing)
 .debug_str     0x00000000000e67ff      0x44d ./Drivers/STM32L4xx_HAL_Driver/Src/stm32l4xx_ll_usb.o
                                      0xdfbe7 (size before relaxing)
 .debug_str     0x00000000000e6c4c      0xfbb ./Middlewares/ST/STM32_USB_Device_Library/Class/MSC/Src/usbd_msc.o
                                      0xe49de (size before relaxing)
 .debug_str     0x00000000000e7c07      0x11c ./Middlewares/ST/STM32_USB_Device_Library/Class/MSC/Src/usbd_msc_bot.o
                                      0xe48fe (size before relaxing)
 .debug_str     0x00000000000e7d23      0x13b ./Middlewares/ST/STM32_USB_Device_Library/Class/MSC/Src/usbd_msc_data.o
                                      0xe31f1 (size before relaxing)
 .debug_str     0x00000000000e7e5e      0x1ba ./Middlewares/ST/STM32_USB_Device_Library/Class/MSC/Src/usbd_msc_scsi.o
                                      0xe4a81 (size before relaxing)
 .debug_str     0x00000000000e8018      0x271 ./Middlewares/ST/STM32_USB_Device_Library/Core/Src/usbd_core.o
                                      0xe404e (size before relaxing)