../Core/Src/main.c:91:5:main	16	static
../Core/Src/main.c:171:6:SystemClock_Config	96	static
../Core/Src/main.c:223:13:MX_I2C1_Init	8	static
../Core/Src/main.c:257:13:MX_RTC_Init	72	static
../Core/Src/main.c:339:13:MX_USART2_UART_Init	8	static
../Core/Src/main.c:372:13:MX_GPIO_Init	24	static
../Core/Src/main.c:385:16:platform_write	40	static
../Core/Src/main.c:391:16:platform_read	40	static
../Core/Src/main.c:415:13:platform_init	4	static
../Core/Src/main.c:425:6:lps22hb_read_data_polling	16	static
../Core/Src/main.c:478:6:HAL_RTC_AlarmAEventCallback	16	static
../Core/Src/main.c:490:6:Error_Handler	4	static,ignoring_inline_asm
