11:48:38 **** Incremental Build of configuration Debug for project AWM_D ****
make -j12 all 
arm-none-eabi-gcc "../Core/Src/main.c" -mcpu=cortex-m3 -std=gnu11 -g3 -DDEBUG -DUSE_HAL_DRIVER -DSTM32L152xC -c -I../Core/Inc -I../Drivers/STM32L1xx_HAL_Driver/Inc -I../Drivers/STM32L1xx_HAL_Driver/Inc/Legacy -I../Drivers/CMSIS/Device/ST/STM32L1xx/Include -I../Drivers/CMSIS/Include -O0 -ffunction-sections -fdata-sections -Wall -fstack-usage -MMD -MP -MF"Core/Src/main.d" -MT"Core/Src/main.o" --specs=nano.specs -mfloat-abi=soft -mthumb -o "Core/Src/main.o"
arm-none-eabi-gcc -o "AWM_D.elf" @"objects.list"   -mcpu=cortex-m3 -T"D:\STM32_Projects\Workspace\AWM_D\STM32L152RCTX_FLASH.ld" --specs=nosys.specs -Wl,-Map="AWM_D.map" -Wl,--gc-sections -static --specs=nano.specs -mfloat-abi=soft -mthumb -Wl,--start-group -lc -lm -Wl,--end-group
Finished building target: AWM_D.elf
 
arm-none-eabi-size   AWM_D.elf 
arm-none-eabi-objdump -h -S  AWM_D.elf  > "AWM_D.list"
   text	   data	    bss	    dec	    hex	filename
   9292	     20	   1636	  10948	   2ac4	AWM_D.elf
Finished building: default.size.stdout
 
Finished building: AWM_D.list
 

11:48:39 Build Finished. 0 errors, 0 warnings. (took 1s.196ms)

