17:41:39 **** Incremental Build of configuration Debug for project INTTRU_BUTTON ****
make -j12 all 
arm-none-eabi-gcc "../Core/Src/main.c" -mcpu=cortex-m3 -std=gnu11 -g3 -DDEBUG -DUSE_HAL_DRIVER -DSTM32L152xC -c -I../Core/Inc -I../Drivers/STM32L1xx_HAL_Driver/Inc -I../Drivers/STM32L1xx_HAL_Driver/Inc/Legacy -I../Drivers/CMSIS/Device/ST/STM32L1xx/Include -I../Drivers/CMSIS/Include -O0 -ffunction-sections -fdata-sections -Wall -fstack-usage -MMD -MP -MF"Core/Src/main.d" -MT"Core/Src/main.o" --specs=nano.specs -mfloat-abi=soft -mthumb -o "Core/Src/main.o"
arm-none-eabi-gcc -o "INTTRU_BUTTON.elf" @"objects.list"   -mcpu=cortex-m3 -T"D:\STM32_Projects\Workspace\INTTRU_BUTTON\STM32L152RCTX_FLASH.ld" --specs=nosys.specs -Wl,-Map="INTTRU_BUTTON.map" -Wl,--gc-sections -static --specs=nano.specs -mfloat-abi=soft -mthumb -Wl,--start-group -lc -lm -Wl,--end-group
Finished building target: INTTRU_BUTTON.elf
 
arm-none-eabi-size   INTTRU_BUTTON.elf 
arm-none-eabi-objdump -h -S  INTTRU_BUTTON.elf  > "INTTRU_BUTTON.list"
   text	   data	    bss	    dec	    hex	filename
   6596	     20	   1572	   8188	   1ffc	INTTRU_BUTTON.elf
Finished building: default.size.stdout
 
Finished building: INTTRU_BUTTON.list
 

17:41:40 Build Finished. 0 errors, 0 warnings. (took 1s.156ms)

