09:59:00 **** Incremental Build of configuration Debug for project printf ****
make -j12 all 
arm-none-eabi-gcc "../Core/Src/main.c" -mcpu=cortex-m3 -std=gnu11 -g3 -DDEBUG -DUSE_HAL_DRIVER -DSTM32L152xC -c -I../Core/Inc -I../Drivers/STM32L1xx_HAL_Driver/Inc -I../Drivers/STM32L1xx_HAL_Driver/Inc/Legacy -I../Drivers/CMSIS/Device/ST/STM32L1xx/Include -I../Drivers/CMSIS/Include -O0 -ffunction-sections -fdata-sections -Wall -fstack-usage -MMD -MP -MF"Core/Src/main.d" -MT"Core/Src/main.o" --specs=nano.specs -mfloat-abi=soft -mthumb -o "Core/Src/main.o"
arm-none-eabi-gcc -o "printf.elf" @"objects.list"   -mcpu=cortex-m3 -T"D:\STM32_Projects\Workspace\printf\STM32L152RCTX_FLASH.ld" --specs=nosys.specs -Wl,-Map="printf.map" -Wl,--gc-sections -static --specs=nano.specs -mfloat-abi=soft -mthumb -Wl,--start-group -lc -lm -Wl,--end-group
Finished building target: printf.elf
 
arm-none-eabi-size   printf.elf 
arm-none-eabi-objdump -h -S  printf.elf  > "printf.list"
   text	   data	    bss	    dec	    hex	filename
  10556	    120	   1656	  12332	   302c	printf.elf
Finished building: default.size.stdout
 
Finished building: printf.list
 

09:59:01 Build Finished. 0 errors, 0 warnings. (took 617ms)

