12:24:13 **** Incremental Build of configuration Debug for project QSPI_SDCARD ****
make -j12 all 
arm-none-eabi-gcc "../Core/Src/main.c" -mcpu=cortex-m3 -std=gnu11 -g3 -DDEBUG -DUSE_HAL_DRIVER -DSTM32L152xC -c -I../Core/Inc -I../Drivers/STM32L1xx_HAL_Driver/Inc -I../Drivers/STM32L1xx_HAL_Driver/Inc/Legacy -I../Drivers/CMSIS/Device/ST/STM32L1xx/Include -I../Drivers/CMSIS/Include -I../FATFS/Target -I../FATFS/App -I../Middlewares/Third_Party/FatFs/src -O0 -ffunction-sections -fdata-sections -Wall -fstack-usage -MMD -MP -MF"Core/Src/main.d" -MT"Core/Src/main.o" --specs=nano.specs -mfloat-abi=soft -mthumb -o "Core/Src/main.o"
../Core/Src/main.c: In function 'main':
../Core/Src/main.c:153:6: warning: implicit declaration of function 'sprintf' [-Wimplicit-function-declaration]
  153 |      sprintf (buffer, "SD CARD Total Size: \t%lu\n",total);
      |      ^~~~~~~
../Core/Src/main.c:153:6: warning: incompatible implicit declaration of built-in function 'sprintf'
../Core/Src/main.c:27:1: note: include '<stdio.h>' or provide a declaration of 'sprintf'
   26 | #include "string.h"
  +++ |+#include <stdio.h>
   27 | 
arm-none-eabi-gcc -o "QSPI_SDCARD.elf" @"objects.list"   -mcpu=cortex-m3 -T"D:\STM32_Projects\Workspace\QSPI_SDCARD\STM32L152RCTX_FLASH.ld" --specs=nosys.specs -Wl,-Map="QSPI_SDCARD.map" -Wl,--gc-sections -static --specs=nano.specs -mfloat-abi=soft -mthumb -Wl,--start-group -lc -lm -Wl,--end-group
Finished building target: QSPI_SDCARD.elf
 
arm-none-eabi-size   QSPI_SDCARD.elf 
arm-none-eabi-objdump -h -S  QSPI_SDCARD.elf  > "QSPI_SDCARD.list"
   text	   data	    bss	    dec	    hex	filename
  31968	    144	  11672	  43784	   ab08	QSPI_SDCARD.elf
Finished building: default.size.stdout
 
Finished building: QSPI_SDCARD.list
 

12:24:15 Build Finished. 0 errors, 2 warnings. (took 1s.446ms)

