10:21:06 **** Incremental Build of configuration Debug for project STAND_MODE ****
make -j12 all 
arm-none-eabi-gcc "../Core/Src/main.c" -mcpu=cortex-m3 -std=gnu11 -g3 -DDEBUG -DUSE_HAL_DRIVER -DSTM32L152xC -c -I../Core/Inc -I../Drivers/STM32L1xx_HAL_Driver/Inc -I../Drivers/STM32L1xx_HAL_Driver/Inc/Legacy -I../Drivers/CMSIS/Device/ST/STM32L1xx/Include -I../Drivers/CMSIS/Include -O0 -ffunction-sections -fdata-sections -Wall -fstack-usage -MMD -MP -MF"Core/Src/main.d" -MT"Core/Src/main.o" --specs=nano.specs -mfloat-abi=soft -mthumb -o "Core/Src/main.o"
arm-none-eabi-gcc -o "STAND_MODE.elf" @"objects.list"   -mcpu=cortex-m3 -T"D:\STM32_Projects\Workspace\STAND_MODE\STM32L152RCTX_FLASH.ld" --specs=nosys.specs -Wl,-Map="STAND_MODE.map" -Wl,--gc-sections -static --specs=nano.specs -mfloat-abi=soft -mthumb -Wl,--start-group -lc -lm -Wl,--end-group
Finished building target: STAND_MODE.elf
 
arm-none-eabi-size   STAND_MODE.elf 
arm-none-eabi-objdump -h -S  STAND_MODE.elf  > "STAND_MODE.list"
   text	   data	    bss	    dec	    hex	filename
   8332	     20	   1644	   9996	   270c	STAND_MODE.elf
Finished building: default.size.stdout
 
Finished building: STAND_MODE.list
 

10:21:07 Build Finished. 0 errors, 0 warnings. (took 1s.222ms)

