16:15:02 **** Incremental Build of configuration Debug for project TIMER_INT ****
make -j12 all 
arm-none-eabi-gcc "../Core/Src/main.c" -mcpu=cortex-m3 -std=gnu11 -g3 -DDEBUG -DUSE_HAL_DRIVER -DSTM32L152xC -c -I../Core/Inc -I../Drivers/STM32L1xx_HAL_Driver/Inc -I../Drivers/STM32L1xx_HAL_Driver/Inc/Legacy -I../Drivers/CMSIS/Device/ST/STM32L1xx/Include -I../Drivers/CMSIS/Include -O0 -ffunction-sections -fdata-sections -Wall -fstack-usage -MMD -MP -MF"Core/Src/main.d" -MT"Core/Src/main.o" --specs=nano.specs -mfloat-abi=soft -mthumb -o "Core/Src/main.o"
arm-none-eabi-gcc -o "TIMER_INT.elf" @"objects.list"   -mcpu=cortex-m3 -T"D:\STM32_Projects\Workspace\TIMER_INT\STM32L152RCTX_FLASH.ld" --specs=nosys.specs -Wl,-Map="TIMER_INT.map" -Wl,--gc-sections -static --specs=nano.specs -mfloat-abi=soft -mthumb -Wl,--start-group -lc -lm -Wl,--end-group
Finished building target: TIMER_INT.elf
 
arm-none-eabi-size   TIMER_INT.elf 
arm-none-eabi-objdump -h -S  TIMER_INT.elf  > "TIMER_INT.list"
   text	   data	    bss	    dec	    hex	filename
   8660	     20	   1636	  10316	   284c	TIMER_INT.elf
Finished building: default.size.stdout
 
Finished building: TIMER_INT.list
 

16:15:03 Build Finished. 0 errors, 0 warnings. (took 805ms)

